******************************************************************************
            TI ARM Clang Linker PC v4.0.1                      
******************************************************************************
>> Linked Tue Feb 17 12:39:17 2026

OUTPUT FILE NAME:   <mcspi_loopback_am243x-lp_r5fss0-0_freertos_ti-arm-clang.out>
ENTRY POINT SYMBOL: "_vectors"  address: 00000000


MEMORY CONFIGURATION

         name            origin    length      used     unused   attr    fill
----------------------  --------  ---------  --------  --------  ----  --------
  R5F_VECS              00000000   00000040  00000040  00000000  RWIX
  R5F_TCMA              00000040   00007fc0  00000000  00007fc0  RWIX
  R5F_TCMB0             41010000   00008000  00000000  00008000  RWIX
  FLASH                 60100000   00080000  00000000  00080000  RWIX
  NON_CACHE_MEM         70060000   00008000  00000000  00008000  RWIX
  MSRAM                 70080000   00040000  00035d98  0000a268  RWIX
  USER_SHM_MEM          701d0000   00000180  00000000  00000180  RWIX
  LOG_SHM_MEM           701d0180   00003e80  00000000  00003e80  RWIX
  RTOS_NORTOS_IPC_SHM_M 701d4000   0000c000  00000000  0000c000  RWIX


SEGMENT ALLOCATION MAP

run origin  load origin   length   init length attrs members
----------  ----------- ---------- ----------- ----- -------
00000000    00000000    00000040   00000040    r-x
  00000000    00000000    00000040   00000040    r-x .vectors
70080000    70080000    0001ec38   0001ec38    r-x
  70080000    70080000    0001cc00   0001cc00    r-x .text
  7009cc00    7009cc00    00002038   00002038    r-- .rodata
7009ec80    7009ec80    00013280   00000000    rw-
  7009ec80    7009ec80    00007280   00000000    rw- .bss
  700a5f00    700a5f00    00008000   00000000    rw- .sysmem
  700adf00    700adf00    00004000   00000000    rw- .stack
700b1f00    700b1f00    00001958   00001958    r-x
  700b1f00    700b1f00    00000f20   00000f20    r-x .text.hwi
  700b2e20    700b2e20    000004a0   000004a0    r-x .text.cache
  700b32c0    700b32c0    000003d0   000003d0    r-x .text.mpu
  700b3690    700b3690    000001c0   000001c0    r-x .text.boot
  700b3850    700b3850    00000008   00000008    r-x .text:abort
700b3858    700b3858    00002588   00001188    rw-
  700b3858    700b3858    00001188   00001188    rw- .data
  700b49e0    700b49e0    00000100   00000000    rw- .irqstack
  700b4ae0    700b4ae0    00000100   00000000    rw- .fiqstack
  700b4be0    700b4be0    00001000   00000000    rw- .svcstack
  700b5be0    700b5be0    00000100   00000000    rw- .abortstack
  700b5ce0    700b5ce0    00000100   00000000    rw- .undefinedstack


SECTION ALLOCATION MAP

 output                                  attributes/
section   page    origin      length       input sections
--------  ----  ----------  ----------   ----------------
.vectors   0    00000000    00000040     
                  00000000    00000040     freertos.am243x.r5f.ti-arm-clang.debug.lib : HwiP_armv7r_vectors_freertos_asm.obj (.vectors)

.text      0    70080000    0001cc00     
                  70080000    00000a34     freertos.am243x.r5f.ti-arm-clang.debug.lib : printf.obj (.text._vsnprintf)
                  70080a34    0000000c     libclang_rt.builtins.a : aeabi_memset.S.obj (.text.__aeabi_memclr)
                  70080a40    000005f0     drivers.am243x.r5f.ti-arm-clang.debug.lib : sciclient_rm_irq.obj (.text.Sciclient_rmIrqRouteValidate)
                  70081030    000005e2     freertos.am243x.r5f.ti-arm-clang.debug.lib : printf.obj (.text._ftoa)
                  70081612    00000002     --HOLE-- [fill = 0]
                  70081614    0000000c     libc.a : memory.c.obj (.text.malloc)
                  70081620    00000550     drivers.am243x.r5f.ti-arm-clang.debug.lib : udma_rm.obj (.text.Udma_rmInit)
                  70081b70    000004cc                                               : mcspi_v0.obj (.text.MCSPI_open)
                  7008203c    00000004     libclang_rt.builtins.a : aeabi_div0.c.obj (.text.__aeabi_ldiv0)
                  70082040    000004b0     freertos.am243x.r5f.ti-arm-clang.debug.lib : printf.obj (.text._etoa)
                  700824f0    0000042c     drivers.am243x.r5f.ti-arm-clang.debug.lib : uart_v0.obj (.text.UART_open)
                  7008291c    00000004     libclang_rt.builtins.a : aeabi_memcpy.S.obj (.text.__aeabi_memcpy)
                  70082920    000003bc     drivers.am243x.r5f.ti-arm-clang.debug.lib : udma_soc.obj (.text.Udma_initDrvHandle)
                  70082cdc    00000004     libc.a : _lock.c.obj (.text._nop)
                  70082ce0    0000039c     drivers.am243x.r5f.ti-arm-clang.debug.lib : udma_ch.obj (.text.Udma_chAllocResource)
                  7008307c    00000004     libc.a : fseek.c.obj (.text.fseek)
                  70083080    00000390            : strcmp32.S.obj (.text:strcmp)
                  70083410    00000372     drivers.am243x.r5f.ti-arm-clang.debug.lib : udma_rmcfg_common.obj (.text.UdmaRmInitPrms_init)
                  70083782    00000002     --HOLE-- [fill = 0]
                  70083784    00000004     libsysbm.a : remove.c.obj (.text.remove)
                  70083788    00000008     --HOLE-- [fill = 0]
                  70083790    00000360     drivers.am243x.r5f.ti-arm-clang.debug.lib : udma_ch.obj (.text.Udma_chDisableTxChan)
                  70083af0    0000035a                                               : udma_event.obj (.text.Udma_eventConfig)
                  70083e4a    00000006     --HOLE-- [fill = 0]
                  70083e50    00000346                                               : mcspi_v0_lld.obj (.text.MCSPI_transferControllerPoll)
                  70084196    0000000a     --HOLE-- [fill = 0]
                  700841a0    00000302                                               : sciclient_rm_irq.obj (.text.Sciclient_rmIrqGetRoute)
                  700844a2    0000000e     --HOLE-- [fill = 0]
                  700844b0    000002f4                                               : udma_event.obj (.text.Udma_eventReset)
                  700847a4    0000000c     --HOLE-- [fill = 0]
                  700847b0    000002ce                                               : sciclient.obj (.text.Sciclient_service)
                  70084a7e    00000002     --HOLE-- [fill = 0]
                  70084a80    000002cc                                               : mcspi_v0.obj (.text.MCSPI_transfer)
                  70084d4c    00000004     --HOLE-- [fill = 0]
                  70084d50    000002c8                                               : udma_ch.obj (.text.Udma_chDisableRxChan)
                  70085018    00000008     --HOLE-- [fill = 0]
                  70085020    00000294                                               : csl_bcdma.obj (.text.CSL_bcdmaChanOpCfgChan)
                  700852b4    0000000c     --HOLE-- [fill = 0]
                  700852c0    0000027e                                               : mcspi_dma_udma.obj (.text.MCSPI_udmaIsrTx)
                  7008553e    00000002     --HOLE-- [fill = 0]
                  70085540    0000027a     freertos.am243x.r5f.ti-arm-clang.debug.lib : TimerP.obj (.text.TimerP_setup)
                  700857ba    00000006     --HOLE-- [fill = 0]
                  700857c0    00000266     drivers.am243x.r5f.ti-arm-clang.debug.lib : udma_ch.obj (.text.Udma_chConfigRx)
                  70085a26    0000000a     --HOLE-- [fill = 0]
                  70085a30    00000266     freertos.am243x.r5f.ti-arm-clang.debug.lib : tasks.obj (.text.xTaskIncrementTick)
                  70085c96    0000000a     --HOLE-- [fill = 0]
                  70085ca0    0000025a                                                : tasks.obj (.text.xTaskResumeAll)
                  70085efa    00000006     --HOLE-- [fill = 0]
                  70085f00    00000248     drivers.am243x.r5f.ti-arm-clang.debug.lib : sciclient_rm_irq.obj (.text.Sciclient_rmIrqFindRoute)
                  70086148    00000008     --HOLE-- [fill = 0]
                  70086150    00000246                                               : mcspi_dma_udma.obj (.text.MCSPI_udmaIsrRx)
                  70086396    0000000a     --HOLE-- [fill = 0]
                  700863a0    00000242                                               : uart_v0_lld.obj (.text.UART_fifoConfig)
                  700865e2    0000000e     --HOLE-- [fill = 0]
                  700865f0    0000023e                                               : uart_v0_lld.obj (.text.UART_lld_controllerIsr)
                  7008682e    00000002     --HOLE-- [fill = 0]
                  70086830    0000023e     freertos.am243x.r5f.ti-arm-clang.debug.lib : printf.obj (.text._ntoa_format)
                  70086a6e    00000002     --HOLE-- [fill = 0]
                  70086a70    0000023c     drivers.am243x.r5f.ti-arm-clang.debug.lib : mcspi_v0_lld.obj (.text.MCSPI_continueTxRx)
                  70086cac    00000004     --HOLE-- [fill = 0]
                  70086cb0    00000222                                               : udma_event.obj (.text.Udma_eventRegister)
                  70086ed2    0000000e     --HOLE-- [fill = 0]
                  70086ee0    00000220     freertos.am243x.r5f.ti-arm-clang.debug.lib : queue.obj (.text.xQueueGenericSend)
                  70087100    0000021e     drivers.am243x.r5f.ti-arm-clang.debug.lib : udma_event.obj (.text.Udma_eventAllocResource)
                  7008731e    00000002     --HOLE-- [fill = 0]
                  70087320    0000021a                                               : udma_ring_common.obj (.text.Udma_ringAlloc)
                  7008753a    00000006     --HOLE-- [fill = 0]
                  70087540    00000214                                               : udma_rm.obj (.text.Udma_rmSetSharedResRmInitPrms)
                  70087754    0000000c     --HOLE-- [fill = 0]
                  70087760    0000020c                                               : udma_ch.obj (.text.Udma_chFreeResource)
                  7008796c    00000004     --HOLE-- [fill = 0]
                  70087970    0000020a     freertos.am243x.r5f.ti-arm-clang.debug.lib : queue.obj (.text.xQueueSemaphoreTake)
                  70087b7a    00000006     --HOLE-- [fill = 0]
                  70087b80    000001e6     drivers.am243x.r5f.ti-arm-clang.debug.lib : udma_ch.obj (.text.Udma_chDisableBlkCpyChan)
                  70087d66    0000000a     --HOLE-- [fill = 0]
                  70087d70    000001e4                                               : udma_flow.obj (.text.Udma_flowConfig)
                  70087f54    0000000c     --HOLE-- [fill = 0]
                  70087f60    000001d8     freertos.am243x.r5f.ti-arm-clang.debug.lib : queue.obj (.text.xQueueReceive)
                  70088138    00000008     --HOLE-- [fill = 0]
                  70088140    000001d4     drivers.am243x.r5f.ti-arm-clang.debug.lib : mcspi_v0_lld.obj (.text.MCSPI_continuePeripheralTxRx)
                  70088314    0000000c     --HOLE-- [fill = 0]
                  70088320    000001d4                                               : mcspi_v0_lld.obj (.text.MCSPI_setChConfig)
                  700884f4    0000000c     --HOLE-- [fill = 0]
                  70088500    000001cc                                               : mcspi_v0_lld.obj (.text.MCSPI_lld_readWrite)
                  700886cc    00000004     --HOLE-- [fill = 0]
                  700886d0    000001bc     freertos.am243x.r5f.ti-arm-clang.debug.lib : tasks.obj (.text.xTaskRemoveFromEventList)
                  7008888c    00000004     --HOLE-- [fill = 0]
                  70088890    000001b4     drivers.am243x.r5f.ti-arm-clang.debug.lib : soc.obj (.text.SOC_moduleSetClockFrequency)
                  70088a44    0000000c     --HOLE-- [fill = 0]
                  70088a50    000001b4                                               : soc.obj (.text.SOC_moduleSetClockFrequencyWithParent)
                  70088c04    0000000c     --HOLE-- [fill = 0]
                  70088c10    000001b2                                               : uart_v0.obj (.text.UART_close)
                  70088dc2    0000000e     --HOLE-- [fill = 0]
                  70088dd0    000001aa                                               : uart_v0.obj (.text.UART_write)
                  70088f7a    00000002     --HOLE-- [fill = 0]
                  70088f7c    000001a8     libc.a : memory.c.obj (.text.free)
                  70089124    000001a4            : memory.c.obj (.text.aligned_alloc)
                  700892c8    00000008     --HOLE-- [fill = 0]
                  700892d0    000001a4     freertos.am243x.r5f.ti-arm-clang.debug.lib : timers.obj (.text.prvProcessReceivedCommands)
                  70089474    0000000c     --HOLE-- [fill = 0]
                  70089480    000001a0     drivers.am243x.r5f.ti-arm-clang.debug.lib : mcspi_v0_lld.obj (.text.MCSPI_lld_readWriteIntr)
                  70089620    0000019c     freertos.am243x.r5f.ti-arm-clang.debug.lib : tasks.obj (.text.vTaskSwitchContext)
                  700897bc    00000004     --HOLE-- [fill = 0]
                  700897c0    0000019a                                                : tasks.obj (.text.vTaskPriorityDisinheritAfterTimeout)
                  7008995a    00000006     --HOLE-- [fill = 0]
                  70089960    00000198     drivers.am243x.r5f.ti-arm-clang.debug.lib : sciclient_rm_irq.obj (.text.Sciclient_rmClearInterruptRoute)
                  70089af8    00000008     --HOLE-- [fill = 0]
                  70089b00    00000196                                               : mcspi_v0_lld.obj (.text.MCSPI_lld_initDma)
                  70089c96    0000000a     --HOLE-- [fill = 0]
                  70089ca0    00000196                                               : udma_ch.obj (.text.Udma_chConfigTx)
                  70089e36    0000000a     --HOLE-- [fill = 0]
                  70089e40    00000192                                               : mcspi_v0.obj (.text.MCSPI_close)
                  70089fd2    0000000e     --HOLE-- [fill = 0]
                  70089fe0    0000018e     freertos.am243x.r5f.ti-arm-clang.debug.lib : ClockP_freertos_r5.obj (.text.ClockP_init)
                  7008a16e    00000002     --HOLE-- [fill = 0]
                  7008a170    0000018a     drivers.am243x.r5f.ti-arm-clang.debug.lib : sciclient_rm_irq.obj (.text.Sciclient_rmIrqDeleteRoute)
                  7008a2fa    00000006     --HOLE-- [fill = 0]
                  7008a300    0000018a                                               : sciclient_rm_irq.obj (.text.Sciclient_rmProgramInterruptRoute)
                  7008a48a    00000006     --HOLE-- [fill = 0]
                  7008a490    00000186                                               : sciclient_rm_irq.obj (.text.Sciclient_rmIrqProgramRoute)
                  7008a616    0000000a     --HOLE-- [fill = 0]
                  7008a620    00000182                                               : udma_ch.obj (.text.Udma_chEnableLocal)
                  7008a7a2    0000000e     --HOLE-- [fill = 0]
                  7008a7b0    0000017e                                               : udma_ch.obj (.text.Udma_chConfigPdma)
                  7008a92e    00000002     --HOLE-- [fill = 0]
                  7008a930    00000170                                               : mcspi_v0_lld.obj (.text.MCSPI_lld_init)
                  7008aaa0    00000170     freertos.am243x.r5f.ti-arm-clang.debug.lib : queue.obj (.text.xQueueGiveFromISR)
                  7008ac10    0000016c     drivers.am243x.r5f.ti-arm-clang.debug.lib : csl_bcdma.obj (.text.CSL_bcdmaChanOpTeardownChan)
                  7008ad7c    00000004     --HOLE-- [fill = 0]
                  7008ad80    00000168                                               : csl_bcdma.obj (.text.CSL_bcdmaChanOp)
                  7008aee8    00000008     --HOLE-- [fill = 0]
                  7008aef0    00000168                                               : udma_ch.obj (.text.Udma_chOpen)
                  7008b058    00000008     --HOLE-- [fill = 0]
                  7008b060    00000164                                               : mcspi_v0_lld.obj (.text.MCSPI_lld_readWriteDma)
                  7008b1c4    0000000c     --HOLE-- [fill = 0]
                  7008b1d0    00000162                                               : sciclient_pm.obj (.text.Sciclient_pmQueryModuleClkFreq)
                  7008b332    0000000e     --HOLE-- [fill = 0]
                  7008b340    0000015c     freertos.am243x.r5f.ti-arm-clang.debug.lib : tasks.obj (.text.prvAddNewTaskToReadyList)
                  7008b49c    00000004     --HOLE-- [fill = 0]
                  7008b4a0    0000015c                                                : tasks.obj (.text.xTaskPriorityInherit)
                  7008b5fc    00000004     --HOLE-- [fill = 0]
                  7008b600    0000015a     drivers.am243x.r5f.ti-arm-clang.debug.lib : udma_rm.obj (.text.Udma_rmAllocMappedRxCh)
                  7008b75a    00000006     --HOLE-- [fill = 0]
                  7008b760    0000015a                                               : udma_rm.obj (.text.Udma_rmAllocMappedTxCh)
                  7008b8ba    00000006     --HOLE-- [fill = 0]
                  7008b8c0    00000158                                               : csl_bcdma.obj (.text.CSL_bcdmaChanOpGetChanStats)
                  7008ba18    00000008     --HOLE-- [fill = 0]
                  7008ba20    00000152                                               : uart_v0_lld.obj (.text.UART_lld_initDma)
                  7008bb72    0000000e     --HOLE-- [fill = 0]
                  7008bb80    00000150                                               : csl_lcdma_ringacc.obj (.text.CSL_lcdma_ringaccDequeue)
                  7008bcd0    0000014e                                               : pinmux.obj (.text.Pinmux_config)
                  7008be1e    00000002     --HOLE-- [fill = 0]
                  7008be20    0000014e     freertos.am243x.r5f.ti-arm-clang.debug.lib : tasks.obj (.text.xTaskPriorityDisinherit)
                  7008bf6e    00000002     --HOLE-- [fill = 0]
                  7008bf70    0000014c                                                : queue.obj (.text.xQueueReceiveFromISR)
                  7008c0bc    00000004     --HOLE-- [fill = 0]
                  7008c0c0    00000148     drivers.am243x.r5f.ti-arm-clang.debug.lib : mcspi_dma_udma.obj (.text.MCSPI_udmaInitTxCh)
                  7008c208    00000008     --HOLE-- [fill = 0]
                  7008c210    00000148                                               : sciclient_pm.obj (.text.Sciclient_pmSetModuleClkFreq)
                  7008c358    00000008     --HOLE-- [fill = 0]
                  7008c360    00000146                                               : mcspi_dma_udma.obj (.text.MCSPI_udmaInitRxCh)
                  7008c4a6    0000000a     --HOLE-- [fill = 0]
                  7008c4b0    00000146                                               : udma_ch.obj (.text.Udma_chAssignRegOverlay)
                  7008c5f6    0000000a     --HOLE-- [fill = 0]
                  7008c600    00000144     freertos.am243x.r5f.ti-arm-clang.debug.lib : tasks.obj (.text.prvInitialiseNewTask)
                  7008c744    00000144     libc.a : setvbuf.c.obj (.text.setvbuf)
                  7008c888    00000008     --HOLE-- [fill = 0]
                  7008c890    00000142     drivers.am243x.r5f.ti-arm-clang.debug.lib : mcspi_v0_lld.obj (.text.MCSPI_setFifoConfig)
                  7008c9d2    0000000e     --HOLE-- [fill = 0]
                  7008c9e0    00000142                                               : sciclient.obj (.text.Sciclient_sendMessage)
                  7008cb22    0000000e     --HOLE-- [fill = 0]
                  7008cb30    00000140                                               : sciclient_rm_irq.obj (.text.Sciclient_rmIaValidateMapping)
                  7008cc70    00000140                                               : udma_rm.obj (.text.Udma_rmAllocMappedRing)
                  7008cdb0    0000013e                                               : uart_v0_lld.obj (.text.UART_procLineStatusErr)
                  7008ceee    00000002     --HOLE-- [fill = 0]
                  7008cef0    00000138     freertos.am243x.r5f.ti-arm-clang.debug.lib : printf.obj (.text._ntoa_long_long)
                  7008d028    00000008     --HOLE-- [fill = 0]
                  7008d030    00000136     drivers.am243x.r5f.ti-arm-clang.debug.lib : sciclient_rm_irq.obj (.text.Sciclient_rmIrqVintDelete)
                  7008d166    0000000a     --HOLE-- [fill = 0]
                  7008d170    00000134                                               : uart_v0_lld.obj (.text.UART_writePolling)
                  7008d2a4    0000000c     --HOLE-- [fill = 0]
                  7008d2b0    00000134     freertos.am243x.r5f.ti-arm-clang.debug.lib : tasks.obj (.text.vTaskDelete)
                  7008d3e4    0000000c     --HOLE-- [fill = 0]
                  7008d3f0    00000130     drivers.am243x.r5f.ti-arm-clang.debug.lib : sciclient.obj (.text.Sciclient_recvMessage)
                  7008d520    0000012e                                               : udma_rm.obj (.text.Udma_rmAllocIrIntr)
                  7008d64e    00000002     --HOLE-- [fill = 0]
                  7008d650    0000012c                                               : uart_v0_lld.obj (.text.UART_lld_init)
                  7008d77c    00000004     --HOLE-- [fill = 0]
                  7008d780    00000128     freertos.am243x.r5f.ti-arm-clang.debug.lib : port.obj (.text.pxPortInitialiseStack)
                  7008d8a8    00000008     --HOLE-- [fill = 0]
                  7008d8b0    00000122     drivers.am243x.r5f.ti-arm-clang.debug.lib : uart_dma_udma.obj (.text.UART_udmaInitTxCh)
                  7008d9d2    0000000e     --HOLE-- [fill = 0]
                  7008d9e0    00000122                                               : udma_rm.obj (.text.Udma_rmAllocBlkCopyCh)
                  7008db02    0000000e     --HOLE-- [fill = 0]
                  7008db10    00000122                                               : udma_rm.obj (.text.Udma_rmAllocBlkCopyHcCh)
                  7008dc32    0000000e     --HOLE-- [fill = 0]
                  7008dc40    00000122                                               : udma_rm.obj (.text.Udma_rmAllocBlkCopyUhcCh)
                  7008dd62    0000000e     --HOLE-- [fill = 0]
                  7008dd70    00000122                                               : udma_rm.obj (.text.Udma_rmAllocRxCh)
                  7008de92    0000000e     --HOLE-- [fill = 0]
                  7008dea0    00000122                                               : udma_rm.obj (.text.Udma_rmAllocRxHcCh)
                  7008dfc2    0000000e     --HOLE-- [fill = 0]
                  7008dfd0    00000122                                               : udma_rm.obj (.text.Udma_rmAllocRxUhcCh)
                  7008e0f2    0000000e     --HOLE-- [fill = 0]
                  7008e100    00000122                                               : udma_rm.obj (.text.Udma_rmAllocTxCh)
                  7008e222    0000000e     --HOLE-- [fill = 0]
                  7008e230    00000122                                               : udma_rm.obj (.text.Udma_rmAllocTxHcCh)
                  7008e352    0000000e     --HOLE-- [fill = 0]
                  7008e360    00000122                                               : udma_rm.obj (.text.Udma_rmAllocTxUhcCh)
                  7008e482    0000000e     --HOLE-- [fill = 0]
                  7008e490    00000120                                               : uart_dma_udma.obj (.text.UART_udmaInitRxCh)
                  7008e5b0    0000011e                                               : sciclient_rm_irq.obj (.text.Sciclient_rmIaValidateEvt)
                  7008e6ce    00000002     --HOLE-- [fill = 0]
                  7008e6d0    0000011e                                               : sciclient_rm_irq.obj (.text.Sciclient_rmIrqVintAdd)
                  7008e7ee    00000002     --HOLE-- [fill = 0]
                  7008e7f0    0000011c                                               : uart_dma_udma.obj (.text.UART_udmaIsrTx)
                  7008e90c    00000004     --HOLE-- [fill = 0]
                  7008e910    00000118                                               : udma_ring_lcdma.obj (.text.Udma_ringSetCfgLcdma)
                  7008ea28    00000118     libclang_rt.builtins.a : udivmoddi4.S.obj (.text)
                  7008eb40    00000116     drivers.am243x.r5f.ti-arm-clang.debug.lib : csl_bcdma.obj (.text.CSL_bcdmaChanOpDecChanStats)
                  7008ec56    0000000a     --HOLE-- [fill = 0]
                  7008ec60    00000116                                               : mcspi_dma_udma.obj (.text.MCSPI_udmaConfigPdmaTx)
                  7008ed76    0000000a     --HOLE-- [fill = 0]
                  7008ed80    00000116                                               : uart_v0_lld.obj (.text.UART_divisorLatchWrite)
                  7008ee96    0000000a     --HOLE-- [fill = 0]
                  7008eea0    00000114                                               : mcspi_dma_udma.obj (.text.MCSPI_udmaConfigPdmaRx)
                  7008efb4    0000000c     --HOLE-- [fill = 0]
                  7008efc0    00000114     freertos.am243x.r5f.ti-arm-clang.debug.lib : printf.obj (.text._ntoa_long)
                  7008f0d4    0000000c     --HOLE-- [fill = 0]
                  7008f0e0    0000010e     drivers.am243x.r5f.ti-arm-clang.debug.lib : mcspi_dma_udma.obj (.text.MCSPI_lld_dmaStop)
                  7008f1ee    00000002     --HOLE-- [fill = 0]
                  7008f1f0    0000010e     mcspi_loopback.o (.text.spi_main_task)
                  7008f2fe    00000002     --HOLE-- [fill = 0]
                  7008f300    0000010e     freertos.am243x.r5f.ti-arm-clang.debug.lib : queue.obj (.text.xQueueGenericReset)
                  7008f40e    00000002     --HOLE-- [fill = 0]
                  7008f410    00000106     drivers.am243x.r5f.ti-arm-clang.debug.lib : udma_event.obj (.text.Udma_eventCheckParams)
                  7008f516    0000000a     --HOLE-- [fill = 0]
                  7008f520    00000106     freertos.am243x.r5f.ti-arm-clang.debug.lib : tasks.obj (.text.prvAddCurrentTaskToDelayedList)
                  7008f626    0000000a     --HOLE-- [fill = 0]
                  7008f630    00000104     drivers.am243x.r5f.ti-arm-clang.debug.lib : csl_pktdma.obj (.text.CSL_pktdmaTeardownChan)
                  7008f734    0000000c     --HOLE-- [fill = 0]
                  7008f740    00000104                                               : uart_v0_lld.obj (.text.UART_configInstance)
                  7008f844    0000000c     --HOLE-- [fill = 0]
                  7008f850    00000100                                               : csl_lcdma_ringacc.obj (.text.CSL_lcdma_ringaccPop64MultiAccess)
                  7008f950    000000fe                                               : sciclient_rm_irq.obj (.text.Sciclient_rmIrGetOutp)
                  7008fa4e    00000002     --HOLE-- [fill = 0]
                  7008fa50    000000fe                                               : udma.obj (.text.Udma_init)
                  7008fb4e    00000002     --HOLE-- [fill = 0]
                  7008fb50    000000fc                                               : mcspi_dma_udma.obj (.text.MCSPI_udmaStart)
                  7008fc4c    00000004     --HOLE-- [fill = 0]
                  7008fc50    000000fa                                               : csl_lcdma_ringacc.obj (.text.CSL_lcdma_ringaccPush64MultiAccess)
                  7008fd4a    00000006     --HOLE-- [fill = 0]
                  7008fd50    000000f8                                               : mcspi_dma_udma.obj (.text.MCSPI_udmaDeInitCh)
                  7008fe48    00000008     --HOLE-- [fill = 0]
                  7008fe50    000000f4                                               : sciclient_rm_irq.obj (.text.Sciclient_rmTranslateIntOutput)
                  7008ff44    0000000c     --HOLE-- [fill = 0]
                  7008ff50    000000f4     freertos.am243x.r5f.ti-arm-clang.debug.lib : tasks.obj (.text.prvCreateStaticTask)
                  70090044    0000000c     --HOLE-- [fill = 0]
                  70090050    000000f2     drivers.am243x.r5f.ti-arm-clang.debug.lib : mcspi_v0_lld.obj (.text.MCSPI_initiateLastChunkTransfer)
                  70090142    0000000e     --HOLE-- [fill = 0]
                  70090150    000000f0                                               : mcspi_v0_lld.obj (.text.MCSPI_setPeripheralFifoConfig)
                  70090240    000000f0     libc.a : fputc.c.obj (.text.fputc)
                  70090330    000000ec     drivers.am243x.r5f.ti-arm-clang.debug.lib : udma_event.obj (.text.Udma_eventIsrFxn)
                  7009041c    00000004     --HOLE-- [fill = 0]
                  70090420    000000ec     freertos.am243x.r5f.ti-arm-clang.debug.lib : queue.obj (.text.xQueueGenericCreateStatic)
                  7009050c    00000004     --HOLE-- [fill = 0]
                  70090510    000000ea                                                : AddrTranslateP.obj (.text.AddrTranslateP_getLocalAddr)
                  700905fa    00000006     --HOLE-- [fill = 0]
                  70090600    000000ea     drivers.am243x.r5f.ti-arm-clang.debug.lib : mcspi_v0_lld.obj (.text.MCSPI_setClkConfig)
                  700906ea    00000006     --HOLE-- [fill = 0]
                  700906f0    000000e8                                               : udma_event.obj (.text.Udma_eventFreeResource)
                  700907d8    00000008     --HOLE-- [fill = 0]
                  700907e0    000000e2                                               : sciclient_rm_irq.obj (.text.Sciclient_rmIrqGetNode)
                  700908c2    0000000e     --HOLE-- [fill = 0]
                  700908d0    000000e0     freertos.am243x.r5f.ti-arm-clang.debug.lib : tasks.obj (.text.xTaskCheckForTimeOut)
                  700909b0    000000de     drivers.am243x.r5f.ti-arm-clang.debug.lib : sciclient.obj (.text.Sciclient_waitForMessage)
                  70090a8e    00000002     --HOLE-- [fill = 0]
                  70090a90    000000de                                               : uart_v0_lld.obj (.text.UART_intrEnable)
                  70090b6e    00000002     --HOLE-- [fill = 0]
                  70090b70    000000da                                               : mcspi_v0_lld.obj (.text.MCSPI_stop)
                  70090c4a    00000006     --HOLE-- [fill = 0]
                  70090c50    000000da                                               : sciclient_rm_irq.obj (.text.Sciclient_rmIrInpIsFree)
                  70090d2a    00000006     --HOLE-- [fill = 0]
                  70090d30    000000da                                               : uart_v0_lld.obj (.text.UART_intrDisable)
                  70090e0a    00000006     --HOLE-- [fill = 0]
                  70090e10    000000da                                               : udma_rm.obj (.text.Udma_rmGetSciclientDefaultBoardCfgRmRange)
                  70090eea    00000006     --HOLE-- [fill = 0]
                  70090ef0    000000d8                                               : mcspi_v0_lld.obj (.text.MCSPI_lld_peripheralIsr)
                  70090fc8    00000008     --HOLE-- [fill = 0]
                  70090fd0    000000d8                                               : uart_dma_udma.obj (.text.UART_udmaConfigPdmaTx)
                  700910a8    00000008     --HOLE-- [fill = 0]
                  700910b0    000000d6                                               : mcspi_v0_lld.obj (.text.MCSPI_transferPeripheralPoll)
                  70091186    0000000a     --HOLE-- [fill = 0]
                  70091190    000000d4                                               : csl_bcdma.obj (.text.CSL_bcdmaChanOpGetChanRT)
                  70091264    0000000c     --HOLE-- [fill = 0]
                  70091270    000000d4                                               : pinmux.obj (.text.Pinmux_unlockMMR)
                  70091344    0000000c     --HOLE-- [fill = 0]
                  70091350    000000d2                                               : mcspi_dma_udma.obj (.text.MCSPI_lld_dmaDeInit)
                  70091422    0000000e     --HOLE-- [fill = 0]
                  70091430    000000d2                                               : uart_v0_lld.obj (.text.UART_lld_write)
                  70091502    0000000e     --HOLE-- [fill = 0]
                  70091510    000000d2                                               : uart_dma_udma.obj (.text.UART_udmaDeInitCh)
                  700915e2    0000000e     --HOLE-- [fill = 0]
                  700915f0    000000ce                                               : sciclient.obj (.text.Sciclient_getCurrentContext)
                  700916be    00000002     --HOLE-- [fill = 0]
                  700916c0    000000cc                                               : udma_rm.obj (.text.Udma_rmAllocVintrBit)
                  7009178c    00000004     --HOLE-- [fill = 0]
                  70091790    000000cc     freertos.am243x.r5f.ti-arm-clang.debug.lib : queue.obj (.text.prvCopyDataToQueue)
                  7009185c    00000004     --HOLE-- [fill = 0]
                  70091860    000000ca     drivers.am243x.r5f.ti-arm-clang.debug.lib : csl_bcdma.obj (.text.CSL_bcdmaChanOpSetBurstSize)
                  7009192a    00000006     --HOLE-- [fill = 0]
                  70091930    000000ca     freertos.am243x.r5f.ti-arm-clang.debug.lib : ClockP_freertos.obj (.text.ClockP_getTimeUsec)
                  700919fa    00000006     --HOLE-- [fill = 0]
                  70091a00    000000ca     drivers.am243x.r5f.ti-arm-clang.debug.lib : udma_ring_common.obj (.text.Udma_ringCheckParams)
                  70091aca    00000006     --HOLE-- [fill = 0]
                  70091ad0    000000c8                                               : mcspi_dma_udma.obj (.text.MCSPI_udmaHpdInit)
                  70091b98    00000008     --HOLE-- [fill = 0]
                  70091ba0    000000c8                                               : uart_v0_lld.obj (.text.UART_lld_writeDma)
                  70091c68    00000008     --HOLE-- [fill = 0]
                  70091c70    000000c8                                               : uart_dma_udma.obj (.text.UART_udmaHpdInit)
                  70091d38    00000008     --HOLE-- [fill = 0]
                  70091d40    000000c8                                               : udma_event.obj (.text.Udma_eventCheckUnRegister)
                  70091e08    00000008     --HOLE-- [fill = 0]
                  70091e10    000000c8                                               : udma_ring_common.obj (.text.Udma_ringFree)
                  70091ed8    000000c8     libc.a : getdevice.c.obj (.text.getdevice)
                  70091fa0    000000c8     freertos.am243x.r5f.ti-arm-clang.debug.lib : tasks.obj (.text.prvCreateIdleTasks)
                  70092068    00000008     --HOLE-- [fill = 0]
                  70092070    000000c6     drivers.am243x.r5f.ti-arm-clang.debug.lib : uart_v0_lld.obj (.text.UART_lld_writeIntr)
                  70092136    0000000a     --HOLE-- [fill = 0]
                  70092140    000000c6                                               : udma_event.obj (.text.Udma_eventUnRegister)
                  70092206    0000000a     --HOLE-- [fill = 0]
                  70092210    000000c4                                               : mcspi_dma_udma.obj (.text.MCSPI_lld_dmaTransfer)
                  700922d4    0000000c     --HOLE-- [fill = 0]
                  700922e0    000000c4                                               : sciclient_rm_irq.obj (.text.Sciclient_rmIrqIsVintRouteSet)
                  700923a4    0000000c     --HOLE-- [fill = 0]
                  700923b0    000000c4                                               : uart_v0.obj (.text.UART_flushTxFifo)
                  70092474    0000000c     --HOLE-- [fill = 0]
                  70092480    000000c2                                               : udma_ch.obj (.text.Udma_chClose)
                  70092542    0000000e     --HOLE-- [fill = 0]
                  70092550    000000c2     freertos.am243x.r5f.ti-arm-clang.debug.lib : queue.obj (.text.vQueueAddToRegistry)
                  70092612    0000000e     --HOLE-- [fill = 0]
                  70092620    000000c0     drivers.am243x.r5f.ti-arm-clang.debug.lib : csl_bcdma.obj (.text.CSL_bcdmaChanOpAccessRemotePeerReg)
                  700926e0    000000c0     freertos.am243x.r5f.ti-arm-clang.debug.lib : printf.obj (.text._out_rev)
                  700927a0    000000bc     drivers.am243x.r5f.ti-arm-clang.debug.lib : udma_ch.obj (.text.Udma_getPeerData)
                  7009285c    00000004     --HOLE-- [fill = 0]
                  70092860    000000ba                                               : udma_ch.obj (.text.Udma_clearPeerData)
                  7009291a    00000006     --HOLE-- [fill = 0]
                  70092920    000000ba     freertos.am243x.r5f.ti-arm-clang.debug.lib : PmuP_armv7r.obj (.text.pmu)
                  700929da    00000006     --HOLE-- [fill = 0]
                  700929e0    000000b6     drivers.am243x.r5f.ti-arm-clang.debug.lib : csl_pktdma.obj (.text.CSL_pktdmaAccessChanPeerReg)
                  70092a96    0000000a     --HOLE-- [fill = 0]
                  70092aa0    000000b6                                               : mcspi_v0_lld.obj (.text.MCSPI_fifoRead)
                  70092b56    0000000a     --HOLE-- [fill = 0]
                  70092b60    000000b6                                               : uart_v0_lld.obj (.text.UART_fifoWrite)
                  70092c16    00000002     --HOLE-- [fill = 0]
                  70092c18    000000b4     libc.a : fseek.c.obj (.text.fseeko)
                  70092ccc    00000004     --HOLE-- [fill = 0]
                  70092cd0    000000b0     drivers.am243x.r5f.ti-arm-clang.debug.lib : uart_v0.obj (.text.UART_init)
                  70092d80    000000b0                                               : udma_ch.obj (.text.Udma_chCheckParams)
                  70092e30    000000b0     libc.a : fclose.c.obj (.text.__TI_closefile)
                  70092ee0    000000ae     drivers.am243x.r5f.ti-arm-clang.debug.lib : udma_soc.obj (.text.Udma_getMappedChRingAttributes)
                  70092f8e    00000002     --HOLE-- [fill = 0]
                  70092f90    000000ae     freertos.am243x.r5f.ti-arm-clang.debug.lib : queue.obj (.text.prvUnlockQueue)
                  7009303e    00000002     --HOLE-- [fill = 0]
                  70093040    000000ae                                                : tasks.obj (.text.vTaskExitCritical)
                  700930ee    00000002     --HOLE-- [fill = 0]
                  700930f0    000000ac     drivers.am243x.r5f.ti-arm-clang.debug.lib : mcspi_v0_lld.obj (.text.MCSPI_lld_controllerIsr)
                  7009319c    00000004     --HOLE-- [fill = 0]
                  700931a0    000000ac     freertos.am243x.r5f.ti-arm-clang.debug.lib : SemaphoreP_freertos.obj (.text.SemaphoreP_constructBinary)
                  7009324c    00000004     --HOLE-- [fill = 0]
                  70093250    000000ac     drivers.am243x.r5f.ti-arm-clang.debug.lib : udma_ch.obj (.text.UdmaChRxPrms_init)
                  700932fc    00000004     --HOLE-- [fill = 0]
                  70093300    000000ac                                               : udma_ch.obj (.text.UdmaChTxPrms_init)
                  700933ac    00000004     --HOLE-- [fill = 0]
                  700933b0    000000ac                                               : udma_ch.obj (.text.Udma_chDisable)
                  7009345c    00000004     --HOLE-- [fill = 0]
                  70093460    000000aa                                               : csl_bcdma.obj (.text.CSL_bcdmaChanOpSetChanPause)
                  7009350a    00000006     --HOLE-- [fill = 0]
                  70093510    000000aa                                               : csl_bcdma.obj (.text.CSL_bcdmaChanOpSetChanRT)
                  700935ba    00000006     --HOLE-- [fill = 0]
                  700935c0    000000aa     ti_drivers_open_close.o (.text.Drivers_mcspiOpen)
                  7009366a    00000006     --HOLE-- [fill = 0]
                  70093670    000000aa     ti_drivers_config.o (.text.System_init)
                  7009371a    00000006     --HOLE-- [fill = 0]
                  70093720    000000aa     drivers.am243x.r5f.ti-arm-clang.debug.lib : udma_ring_lcdma.obj (.text.Udma_ringFlushRawLcdma)
                  700937ca    00000006     --HOLE-- [fill = 0]
                  700937d0    000000a8     ti_drivers_open_close.o (.text.Drivers_uartOpen)
                  70093878    00000008     --HOLE-- [fill = 0]
                  70093880    000000a8     drivers.am243x.r5f.ti-arm-clang.debug.lib : sciclient_rm_irq.obj (.text.Sciclient_rmIrInpRomMapped)
                  70093928    00000008     --HOLE-- [fill = 0]
                  70093930    000000a8                                               : sciclient_rm_irq.obj (.text.Sciclient_rmIrOutpRomMapped)
                  700939d8    00000008     --HOLE-- [fill = 0]
                  700939e0    000000a8                                               : udma_ring_lcdma.obj (.text.Udma_ringSetDoorBellLcdma)
                  70093a88    00000008     --HOLE-- [fill = 0]
                  70093a90    000000a6                                               : sciclient_pm.obj (.text.Sciclient_pmGetModuleClkNumParent)
                  70093b36    0000000a     --HOLE-- [fill = 0]
                  70093b40    000000a4                                               : csl_intaggr.obj (.text.CSL_intaggrIsIntrPending)
                  70093be4    0000000c     --HOLE-- [fill = 0]
                  70093bf0    000000a4                                               : sciclient_rm_irq.obj (.text.Sciclient_rmIrqCheckLoop)
                  70093c94    0000000c     --HOLE-- [fill = 0]
                  70093ca0    000000a4                                               : uart_v0_lld.obj (.text.UART_IsBaseAddrValid)
                  70093d44    000000a4     libc.a : memory.c.obj (.text.split)
                  70093de8    00000008     --HOLE-- [fill = 0]
                  70093df0    000000a2     freertos.am243x.r5f.ti-arm-clang.debug.lib : timers.obj (.text.prvCheckForValidListAndQueue)
                  70093e92    00000002     --HOLE-- [fill = 0]
                  70093e94    000000a0     libsysbm.a : hostrename.c.obj (.text.HOSTrename)
                  70093f34    0000000c     --HOLE-- [fill = 0]
                  70093f40    000000a0     drivers.am243x.r5f.ti-arm-clang.debug.lib : sciclient_soc_priv.obj (.text.Sciclient_getContext)
                  70093fe0    000000a0                                               : udma_rm.obj (.text.Udma_rmAllocEvent)
                  70094080    000000a0                                               : udma_rm.obj (.text.Udma_rmAllocVintr)
                  70094120    0000009e     freertos.am243x.r5f.ti-arm-clang.debug.lib : timers.obj (.text.xTimerCreateTimerTask)
                  700941be    00000002     --HOLE-- [fill = 0]
                  700941c0    0000009c     drivers.am243x.r5f.ti-arm-clang.debug.lib : sciclient_pm.obj (.text.Sciclient_pmGetModuleClkFreq)
                  7009425c    00000004     --HOLE-- [fill = 0]
                  70094260    0000009c                                               : sciclient_pm.obj (.text.Sciclient_pmGetModuleClkParent)
                  700942fc    0000009c     libc.a : _io_perm.c.obj (.text.__TI_wrt_ok)
                  70094398    00000008     --HOLE-- [fill = 0]
                  700943a0    0000009a     drivers.am243x.r5f.ti-arm-clang.debug.lib : mcspi_dma_udma.obj (.text.MCSPI_lld_dmaChInit)
                  7009443a    00000006     --HOLE-- [fill = 0]
                  70094440    0000009a     ti_power_clock_config.o (.text.Module_clockSetFrequency)
                  700944da    00000006     --HOLE-- [fill = 0]
                  700944e0    0000009a     drivers.am243x.r5f.ti-arm-clang.debug.lib : soc.obj (.text.SOC_controlModuleUnlockMMR)
                  7009457a    00000006     --HOLE-- [fill = 0]
                  70094580    0000009a                                               : sciclient_pm.obj (.text.Sciclient_pmModuleGetClkStatus)
                  7009461a    00000006     --HOLE-- [fill = 0]
                  70094620    0000009a                                               : sciclient_pm.obj (.text.Sciclient_pmSetModuleClkParent)
                  700946ba    00000006     --HOLE-- [fill = 0]
                  700946c0    0000009a                                               : sciclient_rm_irq.obj (.text.Sciclient_rmIrOutpIsFree)
                  7009475a    00000006     --HOLE-- [fill = 0]
                  70094760    0000009a                                               : udma_ring_common.obj (.text.Udma_ringQueueRaw)
                  700947fa    00000006     --HOLE-- [fill = 0]
                  70094800    00000098                                               : csl_bcdma.obj (.text.CSL_bcdmaChanOpSetChanEnable)
                  70094898    00000098     libsysbm.a : hostlseek.c.obj (.text.HOSTlseek)
                  70094930    00000096     drivers.am243x.r5f.ti-arm-clang.debug.lib : mcspi_v0.obj (.text.MCSPI_init)
                  700949c6    0000000a     --HOLE-- [fill = 0]
                  700949d0    00000096                                               : mcspi_v0.obj (.text.MCSPI_transferCallback)
                  70094a66    0000000a     --HOLE-- [fill = 0]
                  70094a70    00000096                                               : sciclient.obj (.text.Sciclient_init)
                  70094b06    0000000a     --HOLE-- [fill = 0]
                  70094b10    00000096                                               : uart_v0_lld.obj (.text.UART_subConfigTCRTLRModeEn)
                  70094ba6    0000000a     --HOLE-- [fill = 0]
                  70094bb0    00000096                                               : uart_dma_udma.obj (.text.UART_udmaIsrRx)
                  70094c46    0000000a     --HOLE-- [fill = 0]
                  70094c50    00000096                                               : udma_flow.obj (.text.UdmaFlowPrms_init)
                  70094ce6    0000000a     --HOLE-- [fill = 0]
                  70094cf0    00000096                                               : udma_ring_common.obj (.text.Udma_ringDequeueRaw)
                  70094d86    00000002     --HOLE-- [fill = 0]
                  70094d88    00000094     libsysbm.a : hostopen.c.obj (.text.HOSTopen)
                  70094e1c    00000004     --HOLE-- [fill = 0]
                  70094e20    00000094     drivers.am243x.r5f.ti-arm-clang.debug.lib : uart_dma_udma.obj (.text.UART_lld_dmaDisableChannel)
                  70094eb4    0000000c     --HOLE-- [fill = 0]
                  70094ec0    00000094     freertos.am243x.r5f.ti-arm-clang.debug.lib : tasks.obj (.text.vTaskStartScheduler)
                  70094f54    0000000c     --HOLE-- [fill = 0]
                  70094f60    00000092     drivers.am243x.r5f.ti-arm-clang.debug.lib : soc.obj (.text.SOC_moduleClockEnable)
                  70094ff2    0000000e     --HOLE-- [fill = 0]
                  70095000    00000092                                               : sciclient_pm.obj (.text.Sciclient_pmSetModuleState)
                  70095092    0000000e     --HOLE-- [fill = 0]
                  700950a0    00000092                                               : sciclient_rm_irq.obj (.text.Sciclient_rmPsPop)
                  70095132    0000000e     --HOLE-- [fill = 0]
                  70095140    00000092     freertos.am243x.r5f.ti-arm-clang.debug.lib : DebugP_freertos.obj (.text._DebugP_logZone)
                  700951d2    0000000e     --HOLE-- [fill = 0]
                  700951e0    00000090     drivers.am243x.r5f.ti-arm-clang.debug.lib : mcspi_v0_lld.obj (.text.MCSPI_configInstance)
                  70095270    00000090                                               : mcspi_v0_lld.obj (.text.MCSPI_fifoWrite)
                  70095300    00000090                                               : mcspi_v0_lld.obj (.text.MCSPI_lld_isBaseAddrValid)
                  70095390    0000008e                                               : mcspi_v0_lld.obj (.text.MCSPI_transferControllerIntr)
                  7009541e    00000002     --HOLE-- [fill = 0]
                  70095420    0000008e                                               : sciclient_pm.obj (.text.Sciclient_pmModuleClkRequest)
                  700954ae    00000002     --HOLE-- [fill = 0]
                  700954b0    0000008e                                               : udma_rm.obj (.text.Udma_rmFreeMappedRing)
                  7009553e    00000002     --HOLE-- [fill = 0]
                  70095540    0000008e     freertos.am243x.r5f.ti-arm-clang.debug.lib : tasks.obj (.text.prvInitialiseTaskLists)
                  700955ce    00000002     --HOLE-- [fill = 0]
                  700955d0    0000008c     drivers.am243x.r5f.ti-arm-clang.debug.lib : sciclient_pm.obj (.text.Sciclient_pmGetModuleState)
                  7009565c    00000004     --HOLE-- [fill = 0]
                  70095660    0000008c                                               : sciclient_rm_irq.obj (.text.Sciclient_rmIaEvtRomMapped)
                  700956ec    00000004     --HOLE-- [fill = 0]
                  700956f0    0000008c                                               : uart_v0_lld.obj (.text.UART_writeCancelNoCB)
                  7009577c    0000008c     libsysbm.a : close.c.obj (.text.close)
                  70095808    00000008     --HOLE-- [fill = 0]
                  70095810    0000008c     main.o (.text.main)
                  7009589c    00000004     --HOLE-- [fill = 0]
                  700958a0    0000008a     drivers.am243x.r5f.ti-arm-clang.debug.lib : udma_ring_common.obj (.text.Udma_ringFlushRaw)
                  7009592a    00000006     --HOLE-- [fill = 0]
                  70095930    0000008a     freertos.am243x.r5f.ti-arm-clang.debug.lib : tasks.obj (.text.vTaskPlaceOnEventListRestricted)
                  700959ba    00000006     --HOLE-- [fill = 0]
                  700959c0    00000088     drivers.am243x.r5f.ti-arm-clang.debug.lib : csl_bcdma.obj (.text.CSL_bcdmaGetCfg)
                  70095a48    00000008     --HOLE-- [fill = 0]
                  70095a50    00000088                                               : udma_rm.obj (.text.Udma_rmFreeVintrBit)
                  70095ad8    00000088     libc.a : fflush.c.obj (.text.__TI_doflush)
                  70095b60    00000086     drivers.am243x.r5f.ti-arm-clang.debug.lib : soc.obj (.text.SOC_controlModuleLockMMR)
                  70095be6    0000000a     --HOLE-- [fill = 0]
                  70095bf0    00000086                                               : uart_v0_lld.obj (.text.UART_lld_flushTxFifo)
                  70095c76    0000000a     --HOLE-- [fill = 0]
                  70095c80    00000086                                               : uart_v0_lld.obj (.text.UART_tcrTlrBitValRestore)
                  70095d06    0000000a     --HOLE-- [fill = 0]
                  70095d10    00000086     freertos.am243x.r5f.ti-arm-clang.debug.lib : timers.obj (.text.prvInsertTimerInActiveList)
                  70095d96    0000000a     --HOLE-- [fill = 0]
                  70095da0    00000086                                                : timers.obj (.text.prvProcessTimerOrBlockTask)
                  70095e26    00000002     --HOLE-- [fill = 0]
                  70095e28    00000084     libsysbm.a : hostread.c.obj (.text.HOSTread)
                  70095eac    00000084                : hostwrite.c.obj (.text.HOSTwrite)
                  70095f30    00000084     drivers.am243x.r5f.ti-arm-clang.debug.lib : mcspi_v0_lld.obj (.text.MCSPI_lld_deInitDma)
                  70095fb4    0000000c     --HOLE-- [fill = 0]
                  70095fc0    00000082                                               : mcspi_dma_soc.obj (.text.CSL_udmapCppi5SetReturnPolicy)
                  70096042    0000000e     --HOLE-- [fill = 0]
                  70096050    00000082                                               : uart_dma_soc.obj (.text.CSL_udmapCppi5SetReturnPolicy)
                  700960d2    0000000e     --HOLE-- [fill = 0]
                  700960e0    00000082     freertos.am243x.r5f.ti-arm-clang.debug.lib : SemaphoreP_freertos.obj (.text.SemaphoreP_pend)
                  70096162    0000000e     --HOLE-- [fill = 0]
                  70096170    00000082     drivers.am243x.r5f.ti-arm-clang.debug.lib : udma_ch.obj (.text.Udma_chPair)
                  700961f2    0000000e     --HOLE-- [fill = 0]
                  70096200    00000082                                               : udma_ch.obj (.text.Udma_chUnpair)
                  70096282    0000000e     --HOLE-- [fill = 0]
                  70096290    00000080                                               : uart_v0_lld.obj (.text.UART_moduleReset)
                  70096310    0000007e                                               : csl_bcdma.obj (.text.CSL_bcdmaChanOpIsChanEnabled)
                  7009638e    00000002     --HOLE-- [fill = 0]
                  70096390    0000007e                                               : csl_bcdma.obj (.text.CSL_bcdmaChanOpIsValidChanIdx)
                  7009640e    00000002     --HOLE-- [fill = 0]
                  70096410    0000007e                                               : csl_bcdma.obj (.text.CSL_bcdmaMapChanIdx)
                  7009648e    00000002     --HOLE-- [fill = 0]
                  70096490    0000007e                                               : mcspi_v0_lld.obj (.text.MCSPI_setChDataSize)
                  7009650e    00000002     --HOLE-- [fill = 0]
                  70096510    0000007e                                               : uart_v0_lld.obj (.text.UART_readData)
                  7009658e    00000002     --HOLE-- [fill = 0]
                  70096590    0000007c                                               : csl_pktdma.obj (.text.CSL_pktdmaGetCfg)
                  7009660c    00000004     --HOLE-- [fill = 0]
                  70096610    0000007c     freertos.am243x.r5f.ti-arm-clang.debug.lib : DebugP_log.obj (.text._DebugP_assert)
                  7009668c    00000004     --HOLE-- [fill = 0]
                  70096690    0000007c                                                : queue.obj (.text.vQueueUnregisterQueue)
                  7009670c    00000004     --HOLE-- [fill = 0]
                  70096710    0000007a     drivers.am243x.r5f.ti-arm-clang.debug.lib : uart_v0.obj (.text.UART_Params_init)
                  7009678a    00000006     --HOLE-- [fill = 0]
                  70096790    00000078     freertos.am243x.r5f.ti-arm-clang.debug.lib : queue.obj (.text.xQueueTakeMutexRecursive)
                  70096808    00000008     --HOLE-- [fill = 0]
                  70096810    00000076     drivers.am243x.r5f.ti-arm-clang.debug.lib : csl_bcdma.obj (.text.CSL_bcdmaChanOpClearError)
                  70096886    0000000a     --HOLE-- [fill = 0]
                  70096890    00000076                                               : csl_bcdma.obj (.text.CSL_bcdmaDoChanOp)
                  70096906    0000000a     --HOLE-- [fill = 0]
                  70096910    00000076                                               : udma_ch.obj (.text.Udma_chGetCqRingHandle)
                  70096986    0000000a     --HOLE-- [fill = 0]
                  70096990    00000076                                               : udma_ch.obj (.text.Udma_chGetFqRingHandle)
                  70096a06    0000000a     --HOLE-- [fill = 0]
                  70096a10    00000076     freertos.am243x.r5f.ti-arm-clang.debug.lib : queue.obj (.text.xQueueGiveMutexRecursive)
                  70096a86    0000000a     --HOLE-- [fill = 0]
                  70096a90    00000074                                                : ClockP_freertos.obj (.text.ClockP_usleep)
                  70096b04    0000000c     --HOLE-- [fill = 0]
                  70096b10    00000074     drivers.am243x.r5f.ti-arm-clang.debug.lib : udma_ch.obj (.text.Udma_chEnable)
                  70096b84    0000000c     --HOLE-- [fill = 0]
                  70096b90    00000072                                               : csl_bcdma.obj (.text.CSL_bcdmaChanOpTriggerChan)
                  70096c02    0000000e     --HOLE-- [fill = 0]
                  70096c10    00000072                                               : csl_lcdma_ringacc.obj (.text.CSL_lcdma_ringaccAckReverseRing)
                  70096c82    0000000e     --HOLE-- [fill = 0]
                  70096c90    00000070                                               : csl_intaggr.obj (.text.CSL_intaggrClrIntr)
                  70096d00    00000070                                               : sciclient_rm.obj (.text.Sciclient_rmGetResourceRange)
                  70096d70    00000070                                               : udma_rm.obj (.text.Udma_rmFreeMappedRxCh)
                  70096de0    00000070                                               : udma_rm.obj (.text.Udma_rmFreeMappedTxCh)
                  70096e50    0000006e                                               : mcspi_v0.obj (.text.MCSPI_errorCallback)
                  70096ebe    00000002     --HOLE-- [fill = 0]
                  70096ec0    0000006e                                               : sciclient_rm_irq.obj (.text.Sciclient_rmIaVintGetInfo)
                  70096f2e    00000002     --HOLE-- [fill = 0]
                  70096f30    0000006e     freertos.am243x.r5f.ti-arm-clang.debug.lib : SemaphoreP_freertos.obj (.text.SemaphoreP_constructMutex)
                  70096f9e    00000002     --HOLE-- [fill = 0]
                  70096fa0    0000006e                                                : tasks.obj (.text.prvDeleteTCB)
                  7009700e    00000002     --HOLE-- [fill = 0]
                  70097010    0000006c     libsysbm.a : hostunlink.c.obj (.text.HOSTunlink)
                  7009707c    00000004     --HOLE-- [fill = 0]
                  70097080    0000006c     drivers.am243x.r5f.ti-arm-clang.debug.lib : udma_ch.obj (.text.UdmaChPrms_init)
                  700970ec    00000004     --HOLE-- [fill = 0]
                  700970f0    0000006c     freertos.am243x.r5f.ti-arm-clang.debug.lib : tasks.obj (.text.vTaskDelay)
                  7009715c    00000004     --HOLE-- [fill = 0]
                  70097160    0000006c                                                : tasks.obj (.text.vTaskEnterCritical)
                  700971cc    00000004     --HOLE-- [fill = 0]
                  700971d0    0000006a     drivers.am243x.r5f.ti-arm-clang.debug.lib : mcspi_v0_lld.obj (.text.MCSPI_lld_chConfig)
                  7009723a    00000006     --HOLE-- [fill = 0]
                  70097240    0000006a                                               : pinmux.obj (.text.Pinmux_lockMMR)
                  700972aa    00000006     --HOLE-- [fill = 0]
                  700972b0    0000006a     freertos.am243x.r5f.ti-arm-clang.debug.lib : list.obj (.text.vListInsert)
                  7009731a    00000006     --HOLE-- [fill = 0]
                  70097320    00000068     drivers.am243x.r5f.ti-arm-clang.debug.lib : sciclient_rm_irq.obj (.text.Sciclient_rmIrqCfgIsDirectEvent)
                  70097388    00000008     --HOLE-- [fill = 0]
                  70097390    00000068                                               : sciclient_rm_irq.obj (.text.Sciclient_rmIrqCfgIsDirectNonEvent)
                  700973f8    00000008     --HOLE-- [fill = 0]
                  70097400    00000068                                               : sciclient_rm_irq.obj (.text.Sciclient_rmIrqCfgIsEventToVintMappingOnly)
                  70097468    00000008     --HOLE-- [fill = 0]
                  70097470    00000068                                               : sciclient_rm_irq.obj (.text.Sciclient_rmIrqCfgIsOesOnly)
                  700974d8    00000008     --HOLE-- [fill = 0]
                  700974e0    00000068                                               : sciclient_rm_irq.obj (.text.Sciclient_rmIrqCfgIsUnmappedVintDirectEvent)
                  70097548    00000008     --HOLE-- [fill = 0]
                  70097550    00000068                                               : uart_v0_lld.obj (.text.UART_divisorValCompute)
                  700975b8    00000008     --HOLE-- [fill = 0]
                  700975c0    00000068                                               : udma_ring_lcdma.obj (.text.Udma_ringPrimeReadLcdma)
                  70097628    00000008     --HOLE-- [fill = 0]
                  70097630    00000066                                               : csl_lcdma_ringacc.obj (.text.CSL_lcdma_ringaccCommitToForwardRing)
                  70097696    0000000a     --HOLE-- [fill = 0]
                  700976a0    00000066                                               : mcspi_dma_udma.obj (.text.CSL_udmapCppi5SetIds)
                  70097706    0000000a     --HOLE-- [fill = 0]
                  70097710    00000066                                               : uart_dma_udma.obj (.text.CSL_udmapCppi5SetIds)
                  70097776    0000000a     --HOLE-- [fill = 0]
                  70097780    00000064                                               : sciclient_rm_irq.obj (.text.Sciclient_rmIrGetInst)
                  700977e4    0000000c     --HOLE-- [fill = 0]
                  700977f0    00000064                                               : uart_v0_lld.obj (.text.UART_fifoRegisterWrite)
                  70097854    0000000c     --HOLE-- [fill = 0]
                  70097860    00000064                                               : uart_v0_lld.obj (.text.UART_lld_deInitDma)
                  700978c4    0000000c     --HOLE-- [fill = 0]
                  700978d0    00000064                                               : udma_rm.obj (.text.Udma_rmFreeEvent)
                  70097934    0000000c     --HOLE-- [fill = 0]
                  70097940    00000064                                               : udma_rm.obj (.text.Udma_rmFreeIrIntr)
                  700979a4    0000000c     --HOLE-- [fill = 0]
                  700979b0    00000064                                               : udma_rm.obj (.text.Udma_rmFreeVintr)
                  70097a14    0000000c     --HOLE-- [fill = 0]
                  70097a20    00000064     freertos.am243x.r5f.ti-arm-clang.debug.lib : TaskP_freertos.obj (.text.vApplicationLoadHook)
                  70097a84    0000000c     --HOLE-- [fill = 0]
                  70097a90    00000064                                                : queue.obj (.text.vQueueWaitForMessageRestricted)
                  70097af4    0000000c     --HOLE-- [fill = 0]
                  70097b00    00000062                                                : SemaphoreP_freertos.obj (.text.SemaphoreP_post)
                  70097b62    0000000e     --HOLE-- [fill = 0]
                  70097b70    00000062     drivers.am243x.r5f.ti-arm-clang.debug.lib : udma_event.obj (.text.UdmaEventPrms_init)
                  70097bd2    0000000e     --HOLE-- [fill = 0]
                  70097be0    00000062                                               : udma_rm.obj (.text.Udma_rmFreeBlkCopyCh)
                  70097c42    0000000e     --HOLE-- [fill = 0]
                  70097c50    00000062                                               : udma_rm.obj (.text.Udma_rmFreeBlkCopyHcCh)
                  70097cb2    0000000e     --HOLE-- [fill = 0]
                  70097cc0    00000062                                               : udma_rm.obj (.text.Udma_rmFreeBlkCopyUhcCh)
                  70097d22    0000000e     --HOLE-- [fill = 0]
                  70097d30    00000062                                               : udma_rm.obj (.text.Udma_rmFreeRxCh)
                  70097d92    0000000e     --HOLE-- [fill = 0]
                  70097da0    00000062                                               : udma_rm.obj (.text.Udma_rmFreeRxHcCh)
                  70097e02    0000000e     --HOLE-- [fill = 0]
                  70097e10    00000062                                               : udma_rm.obj (.text.Udma_rmFreeRxUhcCh)
                  70097e72    0000000e     --HOLE-- [fill = 0]
                  70097e80    00000062                                               : udma_rm.obj (.text.Udma_rmFreeTxCh)
                  70097ee2    0000000e     --HOLE-- [fill = 0]
                  70097ef0    00000062                                               : udma_rm.obj (.text.Udma_rmFreeTxHcCh)
                  70097f52    0000000e     --HOLE-- [fill = 0]
                  70097f60    00000062                                               : udma_rm.obj (.text.Udma_rmFreeTxUhcCh)
                  70097fc2    00000002     --HOLE-- [fill = 0]
                  70097fc4    00000060     libsysbm.a : hostclose.c.obj (.text.HOSTclose)
                  70098024    0000000c     --HOLE-- [fill = 0]
                  70098030    00000060     drivers.am243x.r5f.ti-arm-clang.debug.lib : uart_v0_lld.obj (.text.UART_getChar)
                  70098090    00000060                                               : uart_v0_lld.obj (.text.UART_writeData)
                  700980f0    00000060                                               : udma_utils.obj (.text.Udma_phyToVirtFxn)
                  70098150    00000060                                               : udma_utils.obj (.text.Udma_virtToPhyFxn)
                  700981b0    0000005e                                               : sciclient_pm.obj (.text.Sciclient_pmSetModuleRst)
                  7009820e    00000002     --HOLE-- [fill = 0]
                  70098210    0000005c                                               : mcspi_v0_lld.obj (.text.MCSPI_fifoReadMultiWord)
                  7009826c    00000004     --HOLE-- [fill = 0]
                  70098270    0000005c                                               : sciclient_rm_irq.obj (.text.Sciclient_rmIaGetInst)
                  700982cc    00000004     --HOLE-- [fill = 0]
                  700982d0    0000005c                                               : sciclient_rm_irq.obj (.text.Sciclient_rmPsPush)
                  7009832c    00000004     --HOLE-- [fill = 0]
                  70098330    0000005c                                               : uart_v0_lld.obj (.text.UART_lld_deInit)
                  7009838c    00000004     --HOLE-- [fill = 0]
                  70098390    0000005c                                               : uart_v0.obj (.text.UART_lld_writeCompleteCallback)
                  700983ec    00000004     --HOLE-- [fill = 0]
                  700983f0    0000005c     freertos.am243x.r5f.ti-arm-clang.debug.lib : tasks.obj (.text.xTaskCreateStatic)
                  7009844c    00000004     --HOLE-- [fill = 0]
                  70098450    0000005a     drivers.am243x.r5f.ti-arm-clang.debug.lib : sciclient_rm_irq.obj (.text.Sciclient_rmIaValidateGlobalEvt)
                  700984aa    00000006     --HOLE-- [fill = 0]
                  700984b0    0000005a                                               : uart_v0.obj (.text.UART_lld_readCompleteCallback)
                  7009850a    00000006     --HOLE-- [fill = 0]
                  70098510    0000005a                                               : uart_v0_lld.obj (.text.UART_regConfigModeEnable)
                  7009856a    00000006     --HOLE-- [fill = 0]
                  70098570    0000005a     freertos.am243x.r5f.ti-arm-clang.debug.lib : tasks.obj (.text.prvCheckTasksWaitingTermination)
                  700985ca    00000006     --HOLE-- [fill = 0]
                  700985d0    00000058     drivers.am243x.r5f.ti-arm-clang.debug.lib : sciclient_rm.obj (.text.Sciclient_rmIrqSetRaw)
                  70098628    00000008     --HOLE-- [fill = 0]
                  70098630    00000058                                               : sciclient_rm_irq.obj (.text.Sciclient_rmIrqUnmappedVintRouteDelete)
                  70098688    00000008     --HOLE-- [fill = 0]
                  70098690    00000058                                               : sciclient_rm.obj (.text.Sciclient_rmRingCfg)
                  700986e8    00000008     --HOLE-- [fill = 0]
                  700986f0    00000058                                               : sciclient_rm.obj (.text.Sciclient_rmUdmapFlowCfg)
                  70098748    00000008     --HOLE-- [fill = 0]
                  70098750    00000058                                               : sciclient_rm.obj (.text.Sciclient_rmUdmapFlowSizeThreshCfg)
                  700987a8    00000008     --HOLE-- [fill = 0]
                  700987b0    00000058                                               : sciclient_rm.obj (.text.Sciclient_rmUdmapRxChCfg)
                  70098808    00000008     --HOLE-- [fill = 0]
                  70098810    00000058                                               : sciclient_rm.obj (.text.Sciclient_rmUdmapTxChCfg)
                  70098868    00000058     libc.a : fopen.c.obj (.text.__TI_cleanup)
                  700988c0    00000058     libsysbm.a : trgmsg.c.obj (.text.__TI_readmsg)
                  70098918    00000058                : trgmsg.c.obj (.text.__TI_writemsg)
                  70098970    00000056     drivers.am243x.r5f.ti-arm-clang.debug.lib : csl_intaggr.obj (.text.CSL_intaggrGetCfg)
                  700989c6    0000000a     --HOLE-- [fill = 0]
                  700989d0    00000056                                               : sciclient_rm.obj (.text.Sciclient_rmIrqReleaseRaw)
                  70098a26    0000000a     --HOLE-- [fill = 0]
                  70098a30    00000056                                               : sciclient_rm.obj (.text.Sciclient_rmPsilPair)
                  70098a86    0000000a     --HOLE-- [fill = 0]
                  70098a90    00000056                                               : sciclient_rm.obj (.text.Sciclient_rmPsilUnpair)
                  70098ae6    0000000a     --HOLE-- [fill = 0]
                  70098af0    00000056                                               : udma_ch.obj (.text.Udma_chSetPeerReg)
                  70098b46    0000000a     --HOLE-- [fill = 0]
                  70098b50    00000056                                               : udma_event.obj (.text.Udma_eventGetGlobalHandle)
                  70098ba6    0000000a     --HOLE-- [fill = 0]
                  70098bb0    00000054                                               : csl_pktdma.obj (.text.CSL_pktdmaIsValidChanIdx)
                  70098c04    0000000c     --HOLE-- [fill = 0]
                  70098c10    00000054                                               : sciclient_rm_irq.obj (.text.Sciclient_rmUnmappedVintRouteCreate)
                  70098c64    0000000c     --HOLE-- [fill = 0]
                  70098c70    00000054                                               : uart_v0_lld.obj (.text.UART_OperModeValid)
                  70098cc4    0000000c     --HOLE-- [fill = 0]
                  70098cd0    00000054                                               : udma_ring_common.obj (.text.UdmaRingPrms_init)
                  70098d24    00000054     libc.a : exit.c.obj (.text.exit)
                  70098d78    00000054            : getdevice.c.obj (.text.finddevice)
                  70098dcc    00000004     --HOLE-- [fill = 0]
                  70098dd0    00000054     freertos.am243x.r5f.ti-arm-clang.debug.lib : timers.obj (.text.prvProcessExpiredTimer)
                  70098e24    00000054     libc.a : autoinit.c.obj (.text:__TI_auto_init_nobinit_nopinit)
                  70098e78    00000008     --HOLE-- [fill = 0]
                  70098e80    00000052     drivers.am243x.r5f.ti-arm-clang.debug.lib : mcspi_v0_lld.obj (.text.MCSPI_fifoRead16)
                  70098ed2    0000000e     --HOLE-- [fill = 0]
                  70098ee0    00000052                                               : mcspi_v0_lld.obj (.text.MCSPI_fifoRead32)
                  70098f32    0000000e     --HOLE-- [fill = 0]
                  70098f40    00000052                                               : mcspi_v0_lld.obj (.text.MCSPI_fifoRead8)
                  70098f92    0000000e     --HOLE-- [fill = 0]
                  70098fa0    00000052                                               : mcspi_v0_lld.obj (.text.MCSPI_fifoWrite16)
                  70098ff2    0000000e     --HOLE-- [fill = 0]
                  70099000    00000052                                               : mcspi_v0_lld.obj (.text.MCSPI_fifoWrite32)
                  70099052    0000000e     --HOLE-- [fill = 0]
                  70099060    00000052                                               : mcspi_v0_lld.obj (.text.MCSPI_fifoWrite8)
                  700990b2    0000000e     --HOLE-- [fill = 0]
                  700990c0    00000052                                               : sciclient_soc_priv.obj (.text.Sciclient_getDevId)
                  70099112    0000000e     --HOLE-- [fill = 0]
                  70099120    00000052                                               : udma_ch.obj (.text.Udma_chInitRegs)
                  70099172    0000000e     --HOLE-- [fill = 0]
                  70099180    00000052                                               : udma_ring_lcdma.obj (.text.Udma_ringPrimeLcdma)
                  700991d2    0000000e     --HOLE-- [fill = 0]
                  700991e0    00000052     freertos.am243x.r5f.ti-arm-clang.debug.lib : timers.obj (.text.prvSwitchTimerLists)
                  70099232    0000000e     --HOLE-- [fill = 0]
                  70099240    00000050     ti_drivers_open_close.o (.text.Drivers_mcspiClose)
                  70099290    00000050     ti_drivers_open_close.o (.text.Drivers_uartClose)
                  700992e0    00000050     drivers.am243x.r5f.ti-arm-clang.debug.lib : uart_v0_lld.obj (.text.UART_checkCharsAvailInFifo)
                  70099330    00000050                                               : udma_rmcfg.obj (.text.Udma_rmGetSharedResPrms)
                  70099380    0000004e                                               : csl_pktdma.obj (.text.CSL_pktdmaIsChanEnabled)
                  700993ce    00000002     --HOLE-- [fill = 0]
                  700993d0    0000004e                                               : mcspi_v0_lld.obj (.text.MCSPI_getFifoTrigLvl)
                  7009941e    00000002     --HOLE-- [fill = 0]
                  70099420    0000004e     freertos.am243x.r5f.ti-arm-clang.debug.lib : TaskP_freertos.obj (.text.TaskP_loadUpdateAll)
                  7009946e    00000002     --HOLE-- [fill = 0]
                  70099470    0000004e     drivers.am243x.r5f.ti-arm-clang.debug.lib : uart_v0.obj (.text.UART_getHandle)
                  700994be    00000002     --HOLE-- [fill = 0]
                  700994c0    0000004e     freertos.am243x.r5f.ti-arm-clang.debug.lib : queue.obj (.text.vQueueDelete)
                  7009950e    00000002     --HOLE-- [fill = 0]
                  70099510    0000004c     ti_power_clock_config.o (.text.Module_clockEnable)
                  7009955c    00000004     --HOLE-- [fill = 0]
                  70099560    0000004c     drivers.am243x.r5f.ti-arm-clang.debug.lib : sciclient_rm_irq.obj (.text.Sciclient_rmPsSetInp)
                  700995ac    00000004     --HOLE-- [fill = 0]
                  700995b0    0000004c                                               : sciclient_rm_irq.obj (.text.Sciclient_rmPsSetOutp)
                  700995fc    00000004     --HOLE-- [fill = 0]
                  70099600    0000004c                                               : udma_event.obj (.text.Udma_eventGetId)
                  7009964c    00000004     --HOLE-- [fill = 0]
                  70099650    0000004c     freertos.am243x.r5f.ti-arm-clang.debug.lib : tasks.obj (.text.vTaskPlaceOnEventList)
                  7009969c    00000004     --HOLE-- [fill = 0]
                  700996a0    0000004a     drivers.am243x.r5f.ti-arm-clang.debug.lib : csl_pktdma.obj (.text.CSL_pktdmaGetRxRT)
                  700996ea    00000006     --HOLE-- [fill = 0]
                  700996f0    0000004a                                               : csl_pktdma.obj (.text.CSL_pktdmaGetTxRT)
                  7009973a    00000006     --HOLE-- [fill = 0]
                  70099740    0000004a                                               : mcspi_v0_lld.obj (.text.MCSPI_fifoWriteMultiWord)
                  7009978a    00000006     --HOLE-- [fill = 0]
                  70099790    0000004a                                               : mcspi_v0_lld.obj (.text.MCSPI_transferPeripheralIntr)
                  700997da    00000006     --HOLE-- [fill = 0]
                  700997e0    0000004a                                               : uart_v0_lld.obj (.text.UART_getIntrIdentityStatus)
                  7009982a    00000006     --HOLE-- [fill = 0]
                  70099830    0000004a                                               : uart_v0_lld.obj (.text.UART_lineCharConfig)
                  7009987a    00000006     --HOLE-- [fill = 0]
                  70099880    0000004a                                               : uart_dma_udma.obj (.text.UART_lld_dmaInit)
                  700998ca    00000006     --HOLE-- [fill = 0]
                  700998d0    00000048                                               : mcspi_v0_lld.obj (.text.MCSPI_checkChConfig)
                  70099918    00000008     --HOLE-- [fill = 0]
                  70099920    00000048                                               : uart_v0_lld.obj (.text.UART_resetModule)
                  70099968    00000008     --HOLE-- [fill = 0]
                  70099970    00000048     freertos.am243x.r5f.ti-arm-clang.debug.lib : queue.obj (.text.prvInitialiseNewQueue)
                  700999b8    00000048     libsysbm.a : unlink.c.obj (.text.unlink)
                  70099a00    00000048     freertos.am243x.r5f.ti-arm-clang.debug.lib : list.obj (.text.uxListRemove)
                  70099a48    00000008     --HOLE-- [fill = 0]
                  70099a50    00000046     drivers.am243x.r5f.ti-arm-clang.debug.lib : csl_bcdma.obj (.text.CSL_bcdmaTeardownRxChan)
                  70099a96    0000000a     --HOLE-- [fill = 0]
                  70099aa0    00000046                                               : csl_bcdma.obj (.text.CSL_bcdmaTeardownTxChan)
                  70099ae6    0000000a     --HOLE-- [fill = 0]
                  70099af0    00000046     freertos.am243x.r5f.ti-arm-clang.debug.lib : DebugP_uartLogWriter.obj (.text.DebugP_uartLogWriterPutChar)
                  70099b36    0000000a     --HOLE-- [fill = 0]
                  70099b40    00000046                                                : TaskP_freertos.obj (.text.TaskP_updateLoad)
                  70099b86    0000000a     --HOLE-- [fill = 0]
                  70099b90    00000046     drivers.am243x.r5f.ti-arm-clang.debug.lib : uart_v0_lld.obj (.text.UART_readLineStatus)
                  70099bd6    0000000a     --HOLE-- [fill = 0]
[...]
7009e99a  PCIE0_pcie_cpts_hw1_push_2_2_to_TIMESYNC_EVENT_INTROUTER0_in_37_37            
7009e9a2  PCIE0_pcie_cpts_sync_3_3_to_TIMESYNC_EVENT_INTROUTER0_in_33_33                
7009e9aa  PCIE0_pcie_ptm_valid_pulse_4_4_to_TIMESYNC_EVENT_INTROUTER0_in_38_38          
7009e9b2  PRU_ICSSG0_pr1_edc0_sync0_out_0_0_to_TIMESYNC_EVENT_INTROUTER0_in_25_25       
7009e9ba  PRU_ICSSG0_pr1_edc0_sync1_out_1_1_to_TIMESYNC_EVENT_INTROUTER0_in_26_26       
7009e9c2  PRU_ICSSG0_pr1_edc1_sync0_out_2_2_to_TIMESYNC_EVENT_INTROUTER0_in_27_27       
7009e9ca  PRU_ICSSG0_pr1_edc1_sync1_out_3_3_to_TIMESYNC_EVENT_INTROUTER0_in_28_28       
7009e9d2  PRU_ICSSG0_pr1_host_intr_req_4_11_to_CMP_EVENT_INTROUTER0_in_0_7              
7009e9da  PRU_ICSSG0_pr1_iep0_cmp_intr_req_12_27_to_CMP_EVENT_INTROUTER0_in_16_31       
7009e9e2  PRU_ICSSG0_pr1_iep1_cmp_intr_req_28_43_to_CMP_EVENT_INTROUTER0_in_32_47       
7009e9ea  PRU_ICSSG1_pr1_edc0_sync0_out_0_0_to_TIMESYNC_EVENT_INTROUTER0_in_29_29       
7009e9f2  PRU_ICSSG1_pr1_edc0_sync1_out_1_1_to_TIMESYNC_EVENT_INTROUTER0_in_30_30       
7009e9fa  PRU_ICSSG1_pr1_edc1_sync0_out_2_2_to_TIMESYNC_EVENT_INTROUTER0_in_31_31       
7009ea02  PRU_ICSSG1_pr1_edc1_sync1_out_3_3_to_TIMESYNC_EVENT_INTROUTER0_in_32_32       
7009ea0a  PRU_ICSSG1_pr1_host_intr_req_4_11_to_CMP_EVENT_INTROUTER0_in_8_15             
7009ea12  PRU_ICSSG1_pr1_iep0_cmp_intr_req_12_27_to_CMP_EVENT_INTROUTER0_in_48_63       
7009ea1a  PRU_ICSSG1_pr1_iep1_cmp_intr_req_28_43_to_CMP_EVENT_INTROUTER0_in_64_79       
7009ea22  TIMER0_timer_pwm_0_0_to_TIMESYNC_EVENT_INTROUTER0_in_0_0                      
7009ea2a  TIMER1_timer_pwm_0_0_to_TIMESYNC_EVENT_INTROUTER0_in_1_1                      
7009ea32  TIMER2_timer_pwm_0_0_to_TIMESYNC_EVENT_INTROUTER0_in_2_2                      
7009ea3a  TIMER3_timer_pwm_0_0_to_TIMESYNC_EVENT_INTROUTER0_in_3_3                      
7009ea42  TIMESYNC_EVENT_INTROUTER0_outl_0_7_to_DMASS0_INTAGGR_0_intaggr_levi_pend_8_15 
7009ea4a  TIMESYNC_EVENT_INTROUTER0_outl_10_10_to_PRU_ICSSG0_pr1_edc1_latch0_in_2_2     
7009ea52  TIMESYNC_EVENT_INTROUTER0_outl_11_11_to_PRU_ICSSG0_pr1_edc1_latch1_in_3_3     
7009ea5a  TIMESYNC_EVENT_INTROUTER0_outl_12_12_to_PRU_ICSSG1_pr1_edc0_latch0_in_0_0     
7009ea62  TIMESYNC_EVENT_INTROUTER0_outl_13_13_to_PRU_ICSSG1_pr1_edc0_latch1_in_1_1     
7009ea6a  TIMESYNC_EVENT_INTROUTER0_outl_14_14_to_PRU_ICSSG1_pr1_edc1_latch0_in_2_2     
7009ea72  TIMESYNC_EVENT_INTROUTER0_outl_15_15_to_PRU_ICSSG1_pr1_edc1_latch1_in_3_3     
7009ea7a  TIMESYNC_EVENT_INTROUTER0_outl_16_16_to_CPTS0_cpts_hw1_push_0_0               
7009ea82  TIMESYNC_EVENT_INTROUTER0_outl_17_17_to_CPTS0_cpts_hw2_push_1_1               
7009ea8a  TIMESYNC_EVENT_INTROUTER0_outl_18_18_to_CPTS0_cpts_hw3_push_2_2               
7009ea92  TIMESYNC_EVENT_INTROUTER0_outl_19_19_to_CPTS0_cpts_hw4_push_3_3               
7009ea9a  TIMESYNC_EVENT_INTROUTER0_outl_20_20_to_CPTS0_cpts_hw5_push_4_4               
7009eaa2  TIMESYNC_EVENT_INTROUTER0_outl_21_21_to_CPTS0_cpts_hw6_push_5_5               
7009eaaa  TIMESYNC_EVENT_INTROUTER0_outl_22_22_to_CPTS0_cpts_hw7_push_6_6               
7009eab2  TIMESYNC_EVENT_INTROUTER0_outl_23_23_to_CPTS0_cpts_hw8_push_7_7               
7009eaba  TIMESYNC_EVENT_INTROUTER0_outl_29_29_to_PCIE0_pcie_cpts_hw2_push_0_0          
7009eac2  TIMESYNC_EVENT_INTROUTER0_outl_30_30_to_CPSW0_cpts_hw1_push_0_0               
7009eaca  TIMESYNC_EVENT_INTROUTER0_outl_31_31_to_CPSW0_cpts_hw2_push_1_1               
7009ead2  TIMESYNC_EVENT_INTROUTER0_outl_32_32_to_CPSW0_cpts_hw3_push_2_2               
7009eada  TIMESYNC_EVENT_INTROUTER0_outl_33_33_to_CPSW0_cpts_hw4_push_3_3               
7009eae2  TIMESYNC_EVENT_INTROUTER0_outl_34_34_to_CPSW0_cpts_hw5_push_4_4               
7009eaea  TIMESYNC_EVENT_INTROUTER0_outl_35_35_to_CPSW0_cpts_hw6_push_5_5               
7009eaf2  TIMESYNC_EVENT_INTROUTER0_outl_36_36_to_CPSW0_cpts_hw7_push_6_6               
7009eafa  TIMESYNC_EVENT_INTROUTER0_outl_37_37_to_CPSW0_cpts_hw8_push_7_7               
7009eb02  TIMESYNC_EVENT_INTROUTER0_outl_8_8_to_PRU_ICSSG0_pr1_edc0_latch0_in_0_0       
7009eb0a  TIMESYNC_EVENT_INTROUTER0_outl_9_9_to_PRU_ICSSG0_pr1_edc0_latch1_in_1_1       
7009eb1c  tisci_if_GPIO0                                                                
7009eb24  tisci_if_GPIO1                                                                
7009eb2c  tisci_if_MCU_GPIO0                                                            
7009ebf8  gCacheL1dCacheLineSize                                                        
7009ebfc  gCacheL1pCacheLineSize                                                        
7009ec00  gRmIrqTreeCount                                                               
7009ec0c  tisci_if_EPWM0                                                                
7009ec10  tisci_if_EPWM3                                                                
7009ec14  tisci_if_EPWM6                                                                
7009ec18  tisci_if_GPMC0                                                                
7009ec1c  tisci_if_GTC0                                                                 
7009ec20  tisci_if_TIMER0                                                               
7009ec24  tisci_if_TIMER1                                                               
7009ec28  tisci_if_TIMER2                                                               
7009ec2c  tisci_if_TIMER3                                                               
7009ec80  __BSS_START                                                                   
7009ec80  gMainTaskStack                                                                
700a3c80  gHwiCtrl                                                                      
700a5278  parmbuf                                                                       
700a5280  gSlaveRxBuffer                                                                
700a5480  gSlaveTxBuffer                                                                
700a5680  _CIOBUF_                                                                      
700a5680  __CIOBUF_                                                                     
700a58a0  xQueueRegistry                                                                
700a59a0  __TI_tmpnams                                                                  
700a5a40  gTaskP_ctrl                                                                   
700a5c90  gMainTaskObj                                                                  
700a5d1c  gRovDummyQueue                                                                
700a5d70  gClockCtrl                                                                    
700a5e78  gMainTask                                                                     
700a5e7c  gMcspiHandle                                                                  
700a5e80  gUartHandle                                                                   
700a5f00  __BSS_END                                                                     
700a5f00  _sys_memory                                                                   
700adf00  __stack                                                                       
700b1f00  __STACK_END                                                                   
700b1f01  HwiP_irq_handler_c                                                            
700b2041  HwiP_fiq_handler                                                              
700b21b1  HwiP_reserved_handler                                                         
700b21f1  HwiP_user_undefined_handler_c                                                 
700b2231  HwiP_undefined_handler_c                                                      
700b2271  HwiP_user_prefetch_abort_handler_c                                            
700b22d1  HwiP_prefetch_abort_handler_c                                                 
700b23a1  HwiP_user_data_abort_handler_c                                                
700b2411  HwiP_data_abort_handler_c                                                     
700b24f1  HwiP_enableInt                                                                
700b2531  HwiP_disableInt                                                               
700b2591  HwiP_restoreInt                                                               
700b25c1  HwiP_clearInt                                                                 
700b2601  HwiP_post                                                                     
700b2641  HwiP_Params_init                                                              
700b2671  HwiP_construct                                                                
700b2871  HwiP_destruct                                                                 
700b28e1  HwiP_init                                                                     
700b2a91  HwiP_inISR                                                                    
700b2ac0  vPortRestoreTaskContext                                                       
700b2af8  HwiP_svc_handler                                                              
700b2b68  HwiP_irq_handler                                                              
700b2cac  HwiP_data_abort_handler                                                       
700b2cf0  HwiP_prefetch_abort_handler                                                   
700b2d20  HwiP_undefined_handler                                                        
700b2d68  GET_DFSR                                                                      
700b2d70  GET_ADFSR                                                                     
700b2d78  GET_DFAR                                                                      
700b2d80  GET_IFSR                                                                      
700b2d88  GET_AIFSR                                                                     
700b2d90  GET_IFAR                                                                      
700b2d98  GET_SPSR                                                                      
700b2dac  HwiP_disable                                                                  
700b2dbc  HwiP_disableFIQ                                                               
700b2dcc  HwiP_enable                                                                   
700b2ddc  HwiP_enableFIQ                                                                
700b2dec  HwiP_restore                                                                  
700b2df4  HwiP_enableVIC                                                                
700b2e04  HwiP_disableVIC                                                               
700b2e14  HwiP_getCPSR                                                                  
700b2e20  CacheP_disableL1d                                                             
700b2e48  CacheP_disableL1p                                                             
700b2e60  CacheP_enableL1d                                                              
700b2e78  CacheP_enableL1p                                                              
700b2e90  CacheP_invL1d                                                                 
700b2ec8  CacheP_invL1p                                                                 
700b2f04  CacheP_invL1dAll                                                              
700b2f0c  CacheP_invL1pAll                                                              
700b2f14  CacheP_wb                                                                     
700b2f50  CacheP_wbInv                                                                  
700b2f8c  CacheP_wbAll                                                                  
700b3034  CacheP_wbInvAll                                                               
700b304c  CacheP_wbInvAllAsm                                                            
700b30ec  CacheP_getEnabled                                                             
700b3124  CacheP_getCacheLevelInfo                                                      
700b3130  CacheP_configForceWrThru                                                      
700b3150  CacheP_setDLFO                                                                
700b3161  CacheP_init                                                                   
700b31f1  CacheP_disable                                                                
700b3241  CacheP_enable                                                                 
700b3281  CacheP_inv                                                                    
700b32c1  MpuP_RegionAttrs_init                                                         
700b32f1  MpuP_setRegion                                                                
700b33e1  MpuP_isEnable                                                                 
700b33f1  MpuP_disable                                                                  
700b3431  MpuP_enable                                                                   
700b3481  MpuP_init                                                                     
700b3521  MpuP_isUserAuthorizedToAccessMemory                                           
700b3610  MpuP_disableAsm                                                               
700b3628  MpuP_disableBRAsm                                                             
700b3638  MpuP_enableAsm                                                                
700b3650  MpuP_enableBRAsm                                                              
700b3660  MpuP_isEnableAsm                                                              
700b3674  MpuP_setRegionAsm                                                             
700b3690  _c_int00_sbl                                                                  
700b36b4  _c_int00                                                                      
700b37e1  _DebugP_assertNoLog                                                           
700b3811  _system_pre_init                                                              
700b3841  __mpu_init                                                                    
700b3850  C$$EXIT                                                                       
700b3850  abort                                                                         
700b3858  gMcspiDmaHandle                                                               
700b3858  gUartDmaHandle                                                                
700b3858  gUdmaDrvObj                                                                   
700b4244  _ftable                                                                       
700b4334  vint_usage_count_DMASS0_INTAGGR_0                                             
700b45c0  _device                                                                       
700b4638  gRmIrInstances                                                                
700b4698  gUartParams                                                                   
700b46f0  gUdmaRmSharedResPrms                                                          
700b4748  _stream                                                                       
700b4798  gConfigMcspi0ChCfg                                                            
700b4834  gRmIaInstances                                                                
700b4854  FreeRTOS_errno                                                                
700b4858  gSciclientSecProxyCfg                                                         
700b4878  gSocModulesClockFrequency                                                     
700b4898  gClockConfig                                                                  
700b48c8  gMcspiOpenParams                                                              
700b4900  gAddrTranslateConfig                                                          
700b490c  gSocModules                                                                   
700b4918  __TI_cleanup_ptr                                                              
700b491c  __TI_dtors_ptr                                                                
700b4920  gMcspiConfig                                                                  
700b4938  gUartConfig                                                                   
700b4950  __TI_ft_end                                                                   
700b4954  _lock                                                                         
700b4958  _unlock                                                                       
700b495c  gConfigMcspiChCfg                                                             
700b4964  gDebugLogZone                                                                 
700b4968  gDebugP_uartDrvIndex                                                          
700b496c  gHwiConfig                                                                    
700b4970  gMcspiConfigNum                                                               
700b4974  gMcspiDmaChConfig                                                             
700b4978  gMcspiNumCh                                                                   
700b497c  gUartConfigNum                                                                
700b4980  gUartDmaChConfig                                                              
700b4988  pxCurrentTCB                                                                  
700b498c  ulPortInterruptNesting                                                        
700b4990  ulPortSchedularRunning                                                        
700b4994  ulPortTaskHasFPUContext                                                       
700b4998  ulPortYieldRequired                                                           
700b49e0  __IRQ_STACK_START                                                             
700b4ae0  __FIQ_STACK_START                                                             
700b4ae0  __IRQ_STACK_END                                                               
700b4be0  __FIQ_STACK_END                                                               
700b4be0  __SVC_STACK_START                                                             
700b5be0  __ABORT_STACK_START                                                           
700b5be0  __SVC_STACK_END                                                               
700b5ce0  __ABORT_STACK_END                                                             
700b5ce0  __UNDEFINED_STACK_START                                                       
700b5de0  __UNDEFINED_STACK_END                                                         
ffffffff  __TI_pprof_out_hndl                                                           
ffffffff  __TI_prof_data_size                                                           
ffffffff  __TI_prof_data_start                                                          
ffffffff  __binit__                                                                     
ffffffff  binit                                                                         
UNDEFED   __TI_CINIT_Base                                                               
UNDEFED   __TI_CINIT_Limit                                                              
UNDEFED   __TI_Handler_Table_Base                                                       
UNDEFED   __TI_Handler_Table_Limit                                                      
UNDEFED   _system_post_cinit                                                            

[730 symbols]
