******************************************************************************
            TI ARM Clang Linker PC v4.0.3                      
******************************************************************************
>> Linked Wed Feb 18 23:16:42 2026

OUTPUT FILE NAME:   <mcspi_loopback_am243x-lp_r5fss0-0_freertos_ti-arm-clang.out>
ENTRY POINT SYMBOL: "_vectors"  address: 00000000


MEMORY CONFIGURATION

         name            origin    length      used     unused   attr    fill
----------------------  --------  ---------  --------  --------  ----  --------
  R5F_VECS              00000000   00000040  00000040  00000000  RWIX
  R5F_TCMA              00000040   00007fc0  00000000  00007fc0  RWIX
  R5F_TCMB0             41010000   00008000  00000000  00008000  RWIX
  FLASH                 60100000   00080000  00000000  00080000  RWIX
  NON_CACHE_MEM         70060000   00008000  00000000  00008000  RWIX
  MSRAM                 70080000   00040000  0003d710  000028f0  RWIX
  USER_SHM_MEM          701d0000   00000180  00000000  00000180  RWIX
  LOG_SHM_MEM           701d0180   00003e80  00000000  00003e80  RWIX
  RTOS_NORTOS_IPC_SHM_M 701d4000   0000c000  00000000  0000c000  RWIX


SEGMENT ALLOCATION MAP

run origin  load origin   length   init length attrs members
----------  ----------- ---------- ----------- ----- -------
00000000    00000000    00000040   00000040    r-x
  00000000    00000000    00000040   00000040    r-x .vectors
70080000    70080000    0001ecb0   0001ecb0    r-x
  70080000    70080000    0001cc80   0001cc80    r-x .text
  7009cc80    7009cc80    00002030   00002030    r-- .rodata
7009ed00    7009ed00    0001ab80   00000000    rw-
  7009ed00    7009ed00    0000eb80   00000000    rw- .bss
  700ad880    700ad880    00008000   00000000    rw- .sysmem
  700b5880    700b5880    00004000   00000000    rw- .stack
700b9880    700b9880    00001958   00001958    r-x
  700b9880    700b9880    00000f20   00000f20    r-x .text.hwi
  700ba7a0    700ba7a0    000004a0   000004a0    r-x .text.cache
  700bac40    700bac40    000003d0   000003d0    r-x .text.mpu
  700bb010    700bb010    000001c0   000001c0    r-x .text.boot
  700bb1d0    700bb1d0    00000008   00000008    r-x .text:abort
700bb1d8    700bb1d8    00002588   00001188    rw-
  700bb1d8    700bb1d8    00001188   00001188    rw- .data
  700bc360    700bc360    00000100   00000000    rw- .irqstack
  700bc460    700bc460    00000100   00000000    rw- .fiqstack
  700bc560    700bc560    00001000   00000000    rw- .svcstack
  700bd560    700bd560    00000100   00000000    rw- .abortstack
  700bd660    700bd660    00000100   00000000    rw- .undefinedstack


SECTION ALLOCATION MAP

 output                                  attributes/
section   page    origin      length       input sections
--------  ----  ----------  ----------   ----------------
.vectors   0    00000000    00000040     
                  00000000    00000040     freertos.am243x.r5f.ti-arm-clang.debug.lib : HwiP_armv7r_vectors_freertos_asm.obj (.vectors)

.text      0    70080000    0001cc80     
                  70080000    00000a34     freertos.am243x.r5f.ti-arm-clang.debug.lib : printf.obj (.text._vsnprintf)
                  70080a34    0000000c     libclang_rt.builtins.a : aeabi_memset.S.obj (.text.__aeabi_memclr)
                  70080a40    000005f0     drivers.am243x.r5f.ti-arm-clang.debug.lib : sciclient_rm_irq.obj (.text.Sciclient_rmIrqRouteValidate)
                  70081030    000005e2     freertos.am243x.r5f.ti-arm-clang.debug.lib : printf.obj (.text._ftoa)
                  70081612    00000002     --HOLE-- [fill = 0]
                  70081614    0000000c     libc.a : memory.c.obj (.text.malloc)
                  70081620    00000550     drivers.am243x.r5f.ti-arm-clang.debug.lib : udma_rm.obj (.text.Udma_rmInit)
                  70081b70    000004cc                                               : mcspi_v0.obj (.text.MCSPI_open)
                  7008203c    00000004     libclang_rt.builtins.a : aeabi_div0.c.obj (.text.__aeabi_ldiv0)
                  70082040    000004b0     freertos.am243x.r5f.ti-arm-clang.debug.lib : printf.obj (.text._etoa)
                  700824f0    0000042c     drivers.am243x.r5f.ti-arm-clang.debug.lib : uart_v0.obj (.text.UART_open)
                  7008291c    00000004     libclang_rt.builtins.a : aeabi_memcpy.S.obj (.text.__aeabi_memcpy)
                  70082920    000003bc     drivers.am243x.r5f.ti-arm-clang.debug.lib : udma_soc.obj (.text.Udma_initDrvHandle)
                  70082cdc    00000004     libc.a : _lock.c.obj (.text._nop)
                  70082ce0    0000039c     drivers.am243x.r5f.ti-arm-clang.debug.lib : udma_ch.obj (.text.Udma_chAllocResource)
                  7008307c    00000004     libc.a : fseek.c.obj (.text.fseek)
                  70083080    00000390            : strcmp32.S.obj (.text:strcmp)
                  70083410    00000372     drivers.am243x.r5f.ti-arm-clang.debug.lib : udma_rmcfg_common.obj (.text.UdmaRmInitPrms_init)
                  70083782    00000002     --HOLE-- [fill = 0]
                  70083784    00000008     libsysbm.a : hostexit.c.obj (.text.HOSTexit)
                  7008378c    00000004                : remove.c.obj (.text.remove)
                  70083790    00000360     drivers.am243x.r5f.ti-arm-clang.debug.lib : udma_ch.obj (.text.Udma_chDisableTxChan)
                  70083af0    0000035a                                               : udma_event.obj (.text.Udma_eventConfig)
                  70083e4a    00000006     --HOLE-- [fill = 0]
                  70083e50    00000346                                               : mcspi_v0_lld.obj (.text.MCSPI_transferControllerPoll)
                  70084196    0000000a     --HOLE-- [fill = 0]
                  700841a0    00000302                                               : sciclient_rm_irq.obj (.text.Sciclient_rmIrqGetRoute)
                  700844a2    0000000e     --HOLE-- [fill = 0]
                  700844b0    000002f4                                               : udma_event.obj (.text.Udma_eventReset)
                  700847a4    0000000c     --HOLE-- [fill = 0]
                  700847b0    000002ce                                               : sciclient.obj (.text.Sciclient_service)
                  70084a7e    00000002     --HOLE-- [fill = 0]
                  70084a80    000002cc                                               : mcspi_v0.obj (.text.MCSPI_transfer)
                  70084d4c    00000004     --HOLE-- [fill = 0]
                  70084d50    000002c8                                               : udma_ch.obj (.text.Udma_chDisableRxChan)
                  70085018    00000008     --HOLE-- [fill = 0]
                  70085020    00000294                                               : csl_bcdma.obj (.text.CSL_bcdmaChanOpCfgChan)
                  700852b4    0000000c     --HOLE-- [fill = 0]
                  700852c0    0000027e                                               : mcspi_dma_udma.obj (.text.MCSPI_udmaIsrTx)
                  7008553e    00000002     --HOLE-- [fill = 0]
                  70085540    0000027a     freertos.am243x.r5f.ti-arm-clang.debug.lib : TimerP.obj (.text.TimerP_setup)
                  700857ba    00000006     --HOLE-- [fill = 0]
                  700857c0    00000266     drivers.am243x.r5f.ti-arm-clang.debug.lib : udma_ch.obj (.text.Udma_chConfigRx)
                  70085a26    0000000a     --HOLE-- [fill = 0]
                  70085a30    00000266     freertos.am243x.r5f.ti-arm-clang.debug.lib : tasks.obj (.text.xTaskIncrementTick)
                  70085c96    0000000a     --HOLE-- [fill = 0]
                  70085ca0    0000025a                                                : tasks.obj (.text.xTaskResumeAll)
                  70085efa    00000006     --HOLE-- [fill = 0]
                  70085f00    00000248     drivers.am243x.r5f.ti-arm-clang.debug.lib : sciclient_rm_irq.obj (.text.Sciclient_rmIrqFindRoute)
                  70086148    00000008     --HOLE-- [fill = 0]
                  70086150    00000246                                               : mcspi_dma_udma.obj (.text.MCSPI_udmaIsrRx)
                  70086396    0000000a     --HOLE-- [fill = 0]
                  700863a0    00000242                                               : uart_v0_lld.obj (.text.UART_fifoConfig)
                  700865e2    0000000e     --HOLE-- [fill = 0]
                  700865f0    0000023e                                               : uart_v0_lld.obj (.text.UART_lld_controllerIsr)
                  7008682e    00000002     --HOLE-- [fill = 0]
                  70086830    0000023e     freertos.am243x.r5f.ti-arm-clang.debug.lib : printf.obj (.text._ntoa_format)
                  70086a6e    00000002     --HOLE-- [fill = 0]
                  70086a70    0000023c     drivers.am243x.r5f.ti-arm-clang.debug.lib : mcspi_v0_lld.obj (.text.MCSPI_continueTxRx)
                  70086cac    00000004     --HOLE-- [fill = 0]
                  70086cb0    00000222                                               : udma_event.obj (.text.Udma_eventRegister)
                  70086ed2    0000000e     --HOLE-- [fill = 0]
                  70086ee0    00000220     freertos.am243x.r5f.ti-arm-clang.debug.lib : queue.obj (.text.xQueueGenericSend)
                  70087100    0000021e     drivers.am243x.r5f.ti-arm-clang.debug.lib : udma_event.obj (.text.Udma_eventAllocResource)
                  7008731e    00000002     --HOLE-- [fill = 0]
                  70087320    0000021a                                               : udma_ring_common.obj (.text.Udma_ringAlloc)
                  7008753a    00000006     --HOLE-- [fill = 0]
                  70087540    00000214                                               : udma_rm.obj (.text.Udma_rmSetSharedResRmInitPrms)
                  70087754    0000000c     --HOLE-- [fill = 0]
                  70087760    0000020c                                               : udma_ch.obj (.text.Udma_chFreeResource)
                  7008796c    00000004     --HOLE-- [fill = 0]
                  70087970    0000020a     freertos.am243x.r5f.ti-arm-clang.debug.lib : queue.obj (.text.xQueueSemaphoreTake)
                  70087b7a    00000006     --HOLE-- [fill = 0]
                  70087b80    000001e6     drivers.am243x.r5f.ti-arm-clang.debug.lib : udma_ch.obj (.text.Udma_chDisableBlkCpyChan)
                  70087d66    0000000a     --HOLE-- [fill = 0]
                  70087d70    000001e4                                               : udma_flow.obj (.text.Udma_flowConfig)
                  70087f54    0000000c     --HOLE-- [fill = 0]
                  70087f60    000001d8     freertos.am243x.r5f.ti-arm-clang.debug.lib : queue.obj (.text.xQueueReceive)
                  70088138    00000008     --HOLE-- [fill = 0]
                  70088140    000001d4     drivers.am243x.r5f.ti-arm-clang.debug.lib : mcspi_v0_lld.obj (.text.MCSPI_continuePeripheralTxRx)
                  70088314    0000000c     --HOLE-- [fill = 0]
                  70088320    000001d4                                               : mcspi_v0_lld.obj (.text.MCSPI_setChConfig)
                  700884f4    0000000c     --HOLE-- [fill = 0]
                  70088500    000001cc                                               : mcspi_v0_lld.obj (.text.MCSPI_lld_readWrite)
                  700886cc    00000004     --HOLE-- [fill = 0]
                  700886d0    000001bc     freertos.am243x.r5f.ti-arm-clang.debug.lib : tasks.obj (.text.xTaskRemoveFromEventList)
                  7008888c    00000004     --HOLE-- [fill = 0]
                  70088890    000001b4     drivers.am243x.r5f.ti-arm-clang.debug.lib : soc.obj (.text.SOC_moduleSetClockFrequency)
                  70088a44    0000000c     --HOLE-- [fill = 0]
                  70088a50    000001b4                                               : soc.obj (.text.SOC_moduleSetClockFrequencyWithParent)
                  70088c04    0000000c     --HOLE-- [fill = 0]
                  70088c10    000001b2                                               : uart_v0.obj (.text.UART_close)
                  70088dc2    0000000e     --HOLE-- [fill = 0]
                  70088dd0    000001aa                                               : uart_v0.obj (.text.UART_write)
                  70088f7a    00000002     --HOLE-- [fill = 0]
                  70088f7c    000001a8     libc.a : memory.c.obj (.text.free)
                  70089124    000001a4            : memory.c.obj (.text.aligned_alloc)
                  700892c8    00000008     --HOLE-- [fill = 0]
                  700892d0    000001a4     freertos.am243x.r5f.ti-arm-clang.debug.lib : timers.obj (.text.prvProcessReceivedCommands)
                  70089474    0000000c     --HOLE-- [fill = 0]
                  70089480    000001a0     drivers.am243x.r5f.ti-arm-clang.debug.lib : mcspi_v0_lld.obj (.text.MCSPI_lld_readWriteIntr)
                  70089620    0000019c     freertos.am243x.r5f.ti-arm-clang.debug.lib : tasks.obj (.text.vTaskSwitchContext)
                  700897bc    00000004     --HOLE-- [fill = 0]
                  700897c0    0000019a                                                : tasks.obj (.text.vTaskPriorityDisinheritAfterTimeout)
                  7008995a    00000006     --HOLE-- [fill = 0]
                  70089960    00000198     drivers.am243x.r5f.ti-arm-clang.debug.lib : sciclient_rm_irq.obj (.text.Sciclient_rmClearInterruptRoute)
                  70089af8    00000008     --HOLE-- [fill = 0]
                  70089b00    00000196                                               : mcspi_v0_lld.obj (.text.MCSPI_lld_initDma)
                  70089c96    0000000a     --HOLE-- [fill = 0]
                  70089ca0    00000196                                               : udma_ch.obj (.text.Udma_chConfigTx)
                  70089e36    0000000a     --HOLE-- [fill = 0]
                  70089e40    00000192                                               : mcspi_v0.obj (.text.MCSPI_close)
                  70089fd2    0000000e     --HOLE-- [fill = 0]
                  70089fe0    0000018e     freertos.am243x.r5f.ti-arm-clang.debug.lib : ClockP_freertos_r5.obj (.text.ClockP_init)
                  7008a16e    00000002     --HOLE-- [fill = 0]
                  7008a170    0000018a     drivers.am243x.r5f.ti-arm-clang.debug.lib : sciclient_rm_irq.obj (.text.Sciclient_rmIrqDeleteRoute)
                  7008a2fa    00000006     --HOLE-- [fill = 0]
                  7008a300    0000018a                                               : sciclient_rm_irq.obj (.text.Sciclient_rmProgramInterruptRoute)
                  7008a48a    00000006     --HOLE-- [fill = 0]
                  7008a490    00000186                                               : sciclient_rm_irq.obj (.text.Sciclient_rmIrqProgramRoute)
                  7008a616    0000000a     --HOLE-- [fill = 0]
                  7008a620    00000182                                               : udma_ch.obj (.text.Udma_chEnableLocal)
                  7008a7a2    0000000e     --HOLE-- [fill = 0]
                  7008a7b0    00000182     mcspi_loopback.o (.text.spi_main_task)
                  7008a932    0000000e     --HOLE-- [fill = 0]
                  7008a940    0000017e     drivers.am243x.r5f.ti-arm-clang.debug.lib : udma_ch.obj (.text.Udma_chConfigPdma)
                  7008aabe    00000002     --HOLE-- [fill = 0]
                  7008aac0    00000170                                               : mcspi_v0_lld.obj (.text.MCSPI_lld_init)
                  7008ac30    00000170     freertos.am243x.r5f.ti-arm-clang.debug.lib : queue.obj (.text.xQueueGiveFromISR)
                  7008ada0    0000016c     drivers.am243x.r5f.ti-arm-clang.debug.lib : csl_bcdma.obj (.text.CSL_bcdmaChanOpTeardownChan)
                  7008af0c    00000004     --HOLE-- [fill = 0]
                  7008af10    00000168                                               : csl_bcdma.obj (.text.CSL_bcdmaChanOp)
                  7008b078    00000008     --HOLE-- [fill = 0]
                  7008b080    00000168                                               : udma_ch.obj (.text.Udma_chOpen)
                  7008b1e8    00000008     --HOLE-- [fill = 0]
                  7008b1f0    00000164                                               : mcspi_v0_lld.obj (.text.MCSPI_lld_readWriteDma)
                  7008b354    0000000c     --HOLE-- [fill = 0]
                  7008b360    00000162                                               : sciclient_pm.obj (.text.Sciclient_pmQueryModuleClkFreq)
                  7008b4c2    0000000e     --HOLE-- [fill = 0]
                  7008b4d0    0000015c     freertos.am243x.r5f.ti-arm-clang.debug.lib : tasks.obj (.text.prvAddNewTaskToReadyList)
                  7008b62c    00000004     --HOLE-- [fill = 0]
                  7008b630    0000015c                                                : tasks.obj (.text.xTaskPriorityInherit)
                  7008b78c    00000004     --HOLE-- [fill = 0]
                  7008b790    0000015a     drivers.am243x.r5f.ti-arm-clang.debug.lib : udma_rm.obj (.text.Udma_rmAllocMappedRxCh)
                  7008b8ea    00000006     --HOLE-- [fill = 0]
                  7008b8f0    0000015a                                               : udma_rm.obj (.text.Udma_rmAllocMappedTxCh)
                  7008ba4a    00000006     --HOLE-- [fill = 0]
                  7008ba50    00000158                                               : csl_bcdma.obj (.text.CSL_bcdmaChanOpGetChanStats)
                  7008bba8    00000008     --HOLE-- [fill = 0]
                  7008bbb0    00000152                                               : uart_v0_lld.obj (.text.UART_lld_initDma)
                  7008bd02    0000000e     --HOLE-- [fill = 0]
                  7008bd10    00000150                                               : csl_lcdma_ringacc.obj (.text.CSL_lcdma_ringaccDequeue)
                  7008be60    0000014e                                               : pinmux.obj (.text.Pinmux_config)
                  7008bfae    00000002     --HOLE-- [fill = 0]
                  7008bfb0    0000014e     freertos.am243x.r5f.ti-arm-clang.debug.lib : tasks.obj (.text.xTaskPriorityDisinherit)
                  7008c0fe    00000002     --HOLE-- [fill = 0]
                  7008c100    0000014c                                                : queue.obj (.text.xQueueReceiveFromISR)
                  7008c24c    00000004     --HOLE-- [fill = 0]
                  7008c250    00000148     drivers.am243x.r5f.ti-arm-clang.debug.lib : mcspi_dma_udma.obj (.text.MCSPI_udmaInitTxCh)
                  7008c398    00000008     --HOLE-- [fill = 0]
                  7008c3a0    00000148                                               : sciclient_pm.obj (.text.Sciclient_pmSetModuleClkFreq)
                  7008c4e8    00000008     --HOLE-- [fill = 0]
                  7008c4f0    00000146                                               : mcspi_dma_udma.obj (.text.MCSPI_udmaInitRxCh)
                  7008c636    0000000a     --HOLE-- [fill = 0]
                  7008c640    00000146                                               : udma_ch.obj (.text.Udma_chAssignRegOverlay)
                  7008c786    0000000a     --HOLE-- [fill = 0]
                  7008c790    00000144     freertos.am243x.r5f.ti-arm-clang.debug.lib : tasks.obj (.text.prvInitialiseNewTask)
                  7008c8d4    00000144     libc.a : setvbuf.c.obj (.text.setvbuf)
                  7008ca18    00000008     --HOLE-- [fill = 0]
                  7008ca20    00000142     drivers.am243x.r5f.ti-arm-clang.debug.lib : mcspi_v0_lld.obj (.text.MCSPI_setFifoConfig)
                  7008cb62    0000000e     --HOLE-- [fill = 0]
                  7008cb70    00000142                                               : sciclient.obj (.text.Sciclient_sendMessage)
                  7008ccb2    0000000e     --HOLE-- [fill = 0]
                  7008ccc0    00000140                                               : sciclient_rm_irq.obj (.text.Sciclient_rmIaValidateMapping)
                  7008ce00    00000140                                               : udma_rm.obj (.text.Udma_rmAllocMappedRing)
                  7008cf40    0000013e                                               : uart_v0_lld.obj (.text.UART_procLineStatusErr)
                  7008d07e    00000002     --HOLE-- [fill = 0]
                  7008d080    00000138     freertos.am243x.r5f.ti-arm-clang.debug.lib : printf.obj (.text._ntoa_long_long)
                  7008d1b8    00000008     --HOLE-- [fill = 0]
                  7008d1c0    00000136     drivers.am243x.r5f.ti-arm-clang.debug.lib : sciclient_rm_irq.obj (.text.Sciclient_rmIrqVintDelete)
                  7008d2f6    0000000a     --HOLE-- [fill = 0]
                  7008d300    00000134                                               : uart_v0_lld.obj (.text.UART_writePolling)
                  7008d434    0000000c     --HOLE-- [fill = 0]
                  7008d440    00000134     freertos.am243x.r5f.ti-arm-clang.debug.lib : tasks.obj (.text.vTaskDelete)
                  7008d574    0000000c     --HOLE-- [fill = 0]
                  7008d580    00000130     drivers.am243x.r5f.ti-arm-clang.debug.lib : sciclient.obj (.text.Sciclient_recvMessage)
                  7008d6b0    0000012e                                               : udma_rm.obj (.text.Udma_rmAllocIrIntr)
                  7008d7de    00000002     --HOLE-- [fill = 0]
                  7008d7e0    0000012c                                               : uart_v0_lld.obj (.text.UART_lld_init)
                  7008d90c    00000004     --HOLE-- [fill = 0]
                  7008d910    00000128     freertos.am243x.r5f.ti-arm-clang.debug.lib : port.obj (.text.pxPortInitialiseStack)
                  7008da38    00000008     --HOLE-- [fill = 0]
                  7008da40    00000122     drivers.am243x.r5f.ti-arm-clang.debug.lib : uart_dma_udma.obj (.text.UART_udmaInitTxCh)
                  7008db62    0000000e     --HOLE-- [fill = 0]
                  7008db70    00000122                                               : udma_rm.obj (.text.Udma_rmAllocBlkCopyCh)
                  7008dc92    0000000e     --HOLE-- [fill = 0]
                  7008dca0    00000122                                               : udma_rm.obj (.text.Udma_rmAllocBlkCopyHcCh)
                  7008ddc2    0000000e     --HOLE-- [fill = 0]
                  7008ddd0    00000122                                               : udma_rm.obj (.text.Udma_rmAllocBlkCopyUhcCh)
                  7008def2    0000000e     --HOLE-- [fill = 0]
                  7008df00    00000122                                               : udma_rm.obj (.text.Udma_rmAllocRxCh)
                  7008e022    0000000e     --HOLE-- [fill = 0]
                  7008e030    00000122                                               : udma_rm.obj (.text.Udma_rmAllocRxHcCh)
                  7008e152    0000000e     --HOLE-- [fill = 0]
                  7008e160    00000122                                               : udma_rm.obj (.text.Udma_rmAllocRxUhcCh)
                  7008e282    0000000e     --HOLE-- [fill = 0]
                  7008e290    00000122                                               : udma_rm.obj (.text.Udma_rmAllocTxCh)
                  7008e3b2    0000000e     --HOLE-- [fill = 0]
                  7008e3c0    00000122                                               : udma_rm.obj (.text.Udma_rmAllocTxHcCh)
                  7008e4e2    0000000e     --HOLE-- [fill = 0]
                  7008e4f0    00000122                                               : udma_rm.obj (.text.Udma_rmAllocTxUhcCh)
                  7008e612    0000000e     --HOLE-- [fill = 0]
                  7008e620    00000120                                               : uart_dma_udma.obj (.text.UART_udmaInitRxCh)
                  7008e740    0000011e                                               : sciclient_rm_irq.obj (.text.Sciclient_rmIaValidateEvt)
                  7008e85e    00000002     --HOLE-- [fill = 0]
                  7008e860    0000011e                                               : sciclient_rm_irq.obj (.text.Sciclient_rmIrqVintAdd)
                  7008e97e    00000002     --HOLE-- [fill = 0]
                  7008e980    0000011c                                               : uart_dma_udma.obj (.text.UART_udmaIsrTx)
                  7008ea9c    00000004     --HOLE-- [fill = 0]
                  7008eaa0    00000118                                               : udma_ring_lcdma.obj (.text.Udma_ringSetCfgLcdma)
                  7008ebb8    00000118     libclang_rt.builtins.a : udivmoddi4.S.obj (.text)
                  7008ecd0    00000116     drivers.am243x.r5f.ti-arm-clang.debug.lib : csl_bcdma.obj (.text.CSL_bcdmaChanOpDecChanStats)
                  7008ede6    0000000a     --HOLE-- [fill = 0]
                  7008edf0    00000116                                               : mcspi_dma_udma.obj (.text.MCSPI_udmaConfigPdmaTx)
                  7008ef06    0000000a     --HOLE-- [fill = 0]
                  7008ef10    00000116                                               : uart_v0_lld.obj (.text.UART_divisorLatchWrite)
                  7008f026    0000000a     --HOLE-- [fill = 0]
                  7008f030    00000114                                               : mcspi_dma_udma.obj (.text.MCSPI_udmaConfigPdmaRx)
                  7008f144    0000000c     --HOLE-- [fill = 0]
                  7008f150    00000114     freertos.am243x.r5f.ti-arm-clang.debug.lib : printf.obj (.text._ntoa_long)
                  7008f264    0000000c     --HOLE-- [fill = 0]
                  7008f270    0000010e     drivers.am243x.r5f.ti-arm-clang.debug.lib : mcspi_dma_udma.obj (.text.MCSPI_lld_dmaStop)
                  7008f37e    00000002     --HOLE-- [fill = 0]
                  7008f380    0000010e     freertos.am243x.r5f.ti-arm-clang.debug.lib : queue.obj (.text.xQueueGenericReset)
                  7008f48e    00000002     --HOLE-- [fill = 0]
                  7008f490    00000106     drivers.am243x.r5f.ti-arm-clang.debug.lib : udma_event.obj (.text.Udma_eventCheckParams)
                  7008f596    0000000a     --HOLE-- [fill = 0]
                  7008f5a0    00000106     freertos.am243x.r5f.ti-arm-clang.debug.lib : tasks.obj (.text.prvAddCurrentTaskToDelayedList)
                  7008f6a6    0000000a     --HOLE-- [fill = 0]
                  7008f6b0    00000104     drivers.am243x.r5f.ti-arm-clang.debug.lib : csl_pktdma.obj (.text.CSL_pktdmaTeardownChan)
                  7008f7b4    0000000c     --HOLE-- [fill = 0]
                  7008f7c0    00000104                                               : uart_v0_lld.obj (.text.UART_configInstance)
                  7008f8c4    0000000c     --HOLE-- [fill = 0]
                  7008f8d0    00000100                                               : csl_lcdma_ringacc.obj (.text.CSL_lcdma_ringaccPop64MultiAccess)
                  7008f9d0    000000fe                                               : sciclient_rm_irq.obj (.text.Sciclient_rmIrGetOutp)
                  7008face    00000002     --HOLE-- [fill = 0]
                  7008fad0    000000fe                                               : udma.obj (.text.Udma_init)
                  7008fbce    00000002     --HOLE-- [fill = 0]
                  7008fbd0    000000fc                                               : mcspi_dma_udma.obj (.text.MCSPI_udmaStart)
                  7008fccc    00000004     --HOLE-- [fill = 0]
                  7008fcd0    000000fa                                               : csl_lcdma_ringacc.obj (.text.CSL_lcdma_ringaccPush64MultiAccess)
                  7008fdca    00000006     --HOLE-- [fill = 0]
                  7008fdd0    000000f8                                               : mcspi_dma_udma.obj (.text.MCSPI_udmaDeInitCh)
                  7008fec8    00000008     --HOLE-- [fill = 0]
                  7008fed0    000000f4                                               : sciclient_rm_irq.obj (.text.Sciclient_rmTranslateIntOutput)
                  7008ffc4    0000000c     --HOLE-- [fill = 0]
                  7008ffd0    000000f4     freertos.am243x.r5f.ti-arm-clang.debug.lib : tasks.obj (.text.prvCreateStaticTask)
                  700900c4    0000000c     --HOLE-- [fill = 0]
                  700900d0    000000f2     drivers.am243x.r5f.ti-arm-clang.debug.lib : mcspi_v0_lld.obj (.text.MCSPI_initiateLastChunkTransfer)
                  700901c2    0000000e     --HOLE-- [fill = 0]
                  700901d0    000000f0                                               : mcspi_v0_lld.obj (.text.MCSPI_setPeripheralFifoConfig)
                  700902c0    000000f0     libc.a : fputc.c.obj (.text.fputc)
                  700903b0    000000ec     drivers.am243x.r5f.ti-arm-clang.debug.lib : udma_event.obj (.text.Udma_eventIsrFxn)
                  7009049c    00000004     --HOLE-- [fill = 0]
                  700904a0    000000ec     freertos.am243x.r5f.ti-arm-clang.debug.lib : queue.obj (.text.xQueueGenericCreateStatic)
                  7009058c    00000004     --HOLE-- [fill = 0]
                  70090590    000000ea                                                : AddrTranslateP.obj (.text.AddrTranslateP_getLocalAddr)
                  7009067a    00000006     --HOLE-- [fill = 0]
                  70090680    000000ea     drivers.am243x.r5f.ti-arm-clang.debug.lib : mcspi_v0_lld.obj (.text.MCSPI_setClkConfig)
                  7009076a    00000006     --HOLE-- [fill = 0]
                  70090770    000000e8                                               : udma_event.obj (.text.Udma_eventFreeResource)
                  70090858    00000008     --HOLE-- [fill = 0]
                  70090860    000000e2                                               : sciclient_rm_irq.obj (.text.Sciclient_rmIrqGetNode)
                  70090942    0000000e     --HOLE-- [fill = 0]
                  70090950    000000e0     freertos.am243x.r5f.ti-arm-clang.debug.lib : tasks.obj (.text.xTaskCheckForTimeOut)
                  70090a30    000000de     drivers.am243x.r5f.ti-arm-clang.debug.lib : sciclient.obj (.text.Sciclient_waitForMessage)
                  70090b0e    00000002     --HOLE-- [fill = 0]
                  70090b10    000000de                                               : uart_v0_lld.obj (.text.UART_intrEnable)
                  70090bee    00000002     --HOLE-- [fill = 0]
                  70090bf0    000000da                                               : mcspi_v0_lld.obj (.text.MCSPI_stop)
                  70090cca    00000006     --HOLE-- [fill = 0]
                  70090cd0    000000da                                               : sciclient_rm_irq.obj (.text.Sciclient_rmIrInpIsFree)
                  70090daa    00000006     --HOLE-- [fill = 0]
                  70090db0    000000da                                               : uart_v0_lld.obj (.text.UART_intrDisable)
                  70090e8a    00000006     --HOLE-- [fill = 0]
                  70090e90    000000da                                               : udma_rm.obj (.text.Udma_rmGetSciclientDefaultBoardCfgRmRange)
                  70090f6a    00000006     --HOLE-- [fill = 0]
                  70090f70    000000d8                                               : mcspi_v0_lld.obj (.text.MCSPI_lld_peripheralIsr)
                  70091048    00000008     --HOLE-- [fill = 0]
                  70091050    000000d8                                               : uart_dma_udma.obj (.text.UART_udmaConfigPdmaTx)
                  70091128    00000008     --HOLE-- [fill = 0]
                  70091130    000000d6                                               : mcspi_v0_lld.obj (.text.MCSPI_transferPeripheralPoll)
                  70091206    0000000a     --HOLE-- [fill = 0]
                  70091210    000000d4                                               : csl_bcdma.obj (.text.CSL_bcdmaChanOpGetChanRT)
                  700912e4    0000000c     --HOLE-- [fill = 0]
                  700912f0    000000d4                                               : pinmux.obj (.text.Pinmux_unlockMMR)
                  700913c4    0000000c     --HOLE-- [fill = 0]
                  700913d0    000000d2                                               : mcspi_dma_udma.obj (.text.MCSPI_lld_dmaDeInit)
                  700914a2    0000000e     --HOLE-- [fill = 0]
                  700914b0    000000d2                                               : uart_v0_lld.obj (.text.UART_lld_write)
                  70091582    0000000e     --HOLE-- [fill = 0]
                  70091590    000000d2                                               : uart_dma_udma.obj (.text.UART_udmaDeInitCh)
                  70091662    0000000e     --HOLE-- [fill = 0]
                  70091670    000000ce                                               : sciclient.obj (.text.Sciclient_getCurrentContext)
                  7009173e    00000002     --HOLE-- [fill = 0]
                  70091740    000000cc                                               : udma_rm.obj (.text.Udma_rmAllocVintrBit)
                  7009180c    00000004     --HOLE-- [fill = 0]
                  70091810    000000cc     freertos.am243x.r5f.ti-arm-clang.debug.lib : queue.obj (.text.prvCopyDataToQueue)
                  700918dc    00000004     --HOLE-- [fill = 0]
                  700918e0    000000ca     drivers.am243x.r5f.ti-arm-clang.debug.lib : csl_bcdma.obj (.text.CSL_bcdmaChanOpSetBurstSize)
                  700919aa    00000006     --HOLE-- [fill = 0]
                  700919b0    000000ca     freertos.am243x.r5f.ti-arm-clang.debug.lib : ClockP_freertos.obj (.text.ClockP_getTimeUsec)
                  70091a7a    00000006     --HOLE-- [fill = 0]
                  70091a80    000000ca     drivers.am243x.r5f.ti-arm-clang.debug.lib : udma_ring_common.obj (.text.Udma_ringCheckParams)
                  70091b4a    00000006     --HOLE-- [fill = 0]
                  70091b50    000000c8                                               : mcspi_dma_udma.obj (.text.MCSPI_udmaHpdInit)
                  70091c18    00000008     --HOLE-- [fill = 0]
                  70091c20    000000c8                                               : uart_v0_lld.obj (.text.UART_lld_writeDma)
                  70091ce8    00000008     --HOLE-- [fill = 0]
                  70091cf0    000000c8                                               : uart_dma_udma.obj (.text.UART_udmaHpdInit)
                  70091db8    00000008     --HOLE-- [fill = 0]
                  70091dc0    000000c8                                               : udma_event.obj (.text.Udma_eventCheckUnRegister)
                  70091e88    00000008     --HOLE-- [fill = 0]
                  70091e90    000000c8                                               : udma_ring_common.obj (.text.Udma_ringFree)
                  70091f58    000000c8     libc.a : getdevice.c.obj (.text.getdevice)
                  70092020    000000c8     freertos.am243x.r5f.ti-arm-clang.debug.lib : tasks.obj (.text.prvCreateIdleTasks)
                  700920e8    00000008     --HOLE-- [fill = 0]
                  700920f0    000000c6     drivers.am243x.r5f.ti-arm-clang.debug.lib : uart_v0_lld.obj (.text.UART_lld_writeIntr)
                  700921b6    0000000a     --HOLE-- [fill = 0]
                  700921c0    000000c6                                               : udma_event.obj (.text.Udma_eventUnRegister)
                  70092286    0000000a     --HOLE-- [fill = 0]
                  70092290    000000c4                                               : mcspi_dma_udma.obj (.text.MCSPI_lld_dmaTransfer)
                  70092354    0000000c     --HOLE-- [fill = 0]
                  70092360    000000c4                                               : sciclient_rm_irq.obj (.text.Sciclient_rmIrqIsVintRouteSet)
                  70092424    0000000c     --HOLE-- [fill = 0]
                  70092430    000000c4                                               : uart_v0.obj (.text.UART_flushTxFifo)
                  700924f4    0000000c     --HOLE-- [fill = 0]
                  70092500    000000c2                                               : udma_ch.obj (.text.Udma_chClose)
                  700925c2    0000000e     --HOLE-- [fill = 0]
                  700925d0    000000c2     freertos.am243x.r5f.ti-arm-clang.debug.lib : queue.obj (.text.vQueueAddToRegistry)
                  70092692    0000000e     --HOLE-- [fill = 0]
                  700926a0    000000c0     drivers.am243x.r5f.ti-arm-clang.debug.lib : csl_bcdma.obj (.text.CSL_bcdmaChanOpAccessRemotePeerReg)
                  70092760    000000c0     freertos.am243x.r5f.ti-arm-clang.debug.lib : printf.obj (.text._out_rev)
                  70092820    000000bc     drivers.am243x.r5f.ti-arm-clang.debug.lib : udma_ch.obj (.text.Udma_getPeerData)
                  700928dc    00000004     --HOLE-- [fill = 0]
                  700928e0    000000ba                                               : udma_ch.obj (.text.Udma_clearPeerData)
                  7009299a    00000006     --HOLE-- [fill = 0]
                  700929a0    000000ba     freertos.am243x.r5f.ti-arm-clang.debug.lib : PmuP_armv7r.obj (.text.pmu)
                  70092a5a    00000006     --HOLE-- [fill = 0]
                  70092a60    000000b6     drivers.am243x.r5f.ti-arm-clang.debug.lib : csl_pktdma.obj (.text.CSL_pktdmaAccessChanPeerReg)
                  70092b16    0000000a     --HOLE-- [fill = 0]
                  70092b20    000000b6                                               : mcspi_v0_lld.obj (.text.MCSPI_fifoRead)
                  70092bd6    0000000a     --HOLE-- [fill = 0]
                  70092be0    000000b6                                               : uart_v0_lld.obj (.text.UART_fifoWrite)
                  70092c96    00000002     --HOLE-- [fill = 0]
                  70092c98    000000b4     libc.a : fseek.c.obj (.text.fseeko)
                  70092d4c    00000004     --HOLE-- [fill = 0]
                  70092d50    000000b0     drivers.am243x.r5f.ti-arm-clang.debug.lib : uart_v0.obj (.text.UART_init)
                  70092e00    000000b0                                               : udma_ch.obj (.text.Udma_chCheckParams)
                  70092eb0    000000b0     libc.a : fclose.c.obj (.text.__TI_closefile)
                  70092f60    000000ae     drivers.am243x.r5f.ti-arm-clang.debug.lib : udma_soc.obj (.text.Udma_getMappedChRingAttributes)
                  7009300e    00000002     --HOLE-- [fill = 0]
                  70093010    000000ae     freertos.am243x.r5f.ti-arm-clang.debug.lib : queue.obj (.text.prvUnlockQueue)
                  700930be    00000002     --HOLE-- [fill = 0]
                  700930c0    000000ae                                                : tasks.obj (.text.vTaskExitCritical)
                  7009316e    00000002     --HOLE-- [fill = 0]
                  70093170    000000ac     drivers.am243x.r5f.ti-arm-clang.debug.lib : mcspi_v0_lld.obj (.text.MCSPI_lld_controllerIsr)
                  7009321c    00000004     --HOLE-- [fill = 0]
                  70093220    000000ac     freertos.am243x.r5f.ti-arm-clang.debug.lib : SemaphoreP_freertos.obj (.text.SemaphoreP_constructBinary)
                  700932cc    00000004     --HOLE-- [fill = 0]
                  700932d0    000000ac     drivers.am243x.r5f.ti-arm-clang.debug.lib : udma_ch.obj (.text.UdmaChRxPrms_init)
                  7009337c    00000004     --HOLE-- [fill = 0]
                  70093380    000000ac                                               : udma_ch.obj (.text.UdmaChTxPrms_init)
                  7009342c    00000004     --HOLE-- [fill = 0]
                  70093430    000000ac                                               : udma_ch.obj (.text.Udma_chDisable)
                  700934dc    00000004     --HOLE-- [fill = 0]
                  700934e0    000000aa                                               : csl_bcdma.obj (.text.CSL_bcdmaChanOpSetChanPause)
                  7009358a    00000006     --HOLE-- [fill = 0]
                  70093590    000000aa                                               : csl_bcdma.obj (.text.CSL_bcdmaChanOpSetChanRT)
                  7009363a    00000006     --HOLE-- [fill = 0]
                  70093640    000000aa     ti_drivers_open_close.o (.text.Drivers_mcspiOpen)
                  700936ea    00000006     --HOLE-- [fill = 0]
                  700936f0    000000aa     ti_drivers_config.o (.text.System_init)
                  7009379a    00000006     --HOLE-- [fill = 0]
                  700937a0    000000aa     drivers.am243x.r5f.ti-arm-clang.debug.lib : udma_ring_lcdma.obj (.text.Udma_ringFlushRawLcdma)
                  7009384a    00000006     --HOLE-- [fill = 0]
                  70093850    000000a8     ti_drivers_open_close.o (.text.Drivers_uartOpen)
                  700938f8    00000008     --HOLE-- [fill = 0]
                  70093900    000000a8     drivers.am243x.r5f.ti-arm-clang.debug.lib : sciclient_rm_irq.obj (.text.Sciclient_rmIrInpRomMapped)
                  700939a8    00000008     --HOLE-- [fill = 0]
                  700939b0    000000a8                                               : sciclient_rm_irq.obj (.text.Sciclient_rmIrOutpRomMapped)
                  70093a58    00000008     --HOLE-- [fill = 0]
                  70093a60    000000a8                                               : udma_ring_lcdma.obj (.text.Udma_ringSetDoorBellLcdma)
                  70093b08    00000008     --HOLE-- [fill = 0]
                  70093b10    000000a6                                               : sciclient_pm.obj (.text.Sciclient_pmGetModuleClkNumParent)
                  70093bb6    0000000a     --HOLE-- [fill = 0]
                  70093bc0    000000a4                                               : csl_intaggr.obj (.text.CSL_intaggrIsIntrPending)
                  70093c64    0000000c     --HOLE-- [fill = 0]
                  70093c70    000000a4                                               : sciclient_rm_irq.obj (.text.Sciclient_rmIrqCheckLoop)
                  70093d14    0000000c     --HOLE-- [fill = 0]
                  70093d20    000000a4                                               : uart_v0_lld.obj (.text.UART_IsBaseAddrValid)
                  70093dc4    000000a4     libc.a : memory.c.obj (.text.split)
                  70093e68    00000008     --HOLE-- [fill = 0]
                  70093e70    000000a2     freertos.am243x.r5f.ti-arm-clang.debug.lib : timers.obj (.text.prvCheckForValidListAndQueue)
                  70093f12    00000002     --HOLE-- [fill = 0]
                  70093f14    000000a0     libsysbm.a : hostrename.c.obj (.text.HOSTrename)
                  70093fb4    0000000c     --HOLE-- [fill = 0]
                  70093fc0    000000a0     drivers.am243x.r5f.ti-arm-clang.debug.lib : sciclient_soc_priv.obj (.text.Sciclient_getContext)
                  70094060    000000a0                                               : udma_rm.obj (.text.Udma_rmAllocEvent)
                  70094100    000000a0                                               : udma_rm.obj (.text.Udma_rmAllocVintr)
                  700941a0    0000009e     freertos.am243x.r5f.ti-arm-clang.debug.lib : timers.obj (.text.xTimerCreateTimerTask)
                  7009423e    00000002     --HOLE-- [fill = 0]
                  70094240    0000009c     drivers.am243x.r5f.ti-arm-clang.debug.lib : sciclient_pm.obj (.text.Sciclient_pmGetModuleClkFreq)
                  700942dc    00000004     --HOLE-- [fill = 0]
                  700942e0    0000009c                                               : sciclient_pm.obj (.text.Sciclient_pmGetModuleClkParent)
                  7009437c    0000009c     libc.a : _io_perm.c.obj (.text.__TI_wrt_ok)
                  70094418    00000008     --HOLE-- [fill = 0]
                  70094420    0000009a     drivers.am243x.r5f.ti-arm-clang.debug.lib : mcspi_dma_udma.obj (.text.MCSPI_lld_dmaChInit)
                  700944ba    00000006     --HOLE-- [fill = 0]
                  700944c0    0000009a     ti_power_clock_config.o (.text.Module_clockSetFrequency)
                  7009455a    00000006     --HOLE-- [fill = 0]
                  70094560    0000009a     drivers.am243x.r5f.ti-arm-clang.debug.lib : soc.obj (.text.SOC_controlModuleUnlockMMR)
                  700945fa    00000006     --HOLE-- [fill = 0]
                  70094600    0000009a                                               : sciclient_pm.obj (.text.Sciclient_pmModuleGetClkStatus)
                  7009469a    00000006     --HOLE-- [fill = 0]
                  700946a0    0000009a                                               : sciclient_pm.obj (.text.Sciclient_pmSetModuleClkParent)
                  7009473a    00000006     --HOLE-- [fill = 0]
                  70094740    0000009a                                               : sciclient_rm_irq.obj (.text.Sciclient_rmIrOutpIsFree)
                  700947da    00000006     --HOLE-- [fill = 0]
                  700947e0    0000009a                                               : udma_ring_common.obj (.text.Udma_ringQueueRaw)
                  7009487a    00000006     --HOLE-- [fill = 0]
                  70094880    00000098                                               : csl_bcdma.obj (.text.CSL_bcdmaChanOpSetChanEnable)
                  70094918    00000098     libsysbm.a : hostlseek.c.obj (.text.HOSTlseek)
                  700949b0    00000096     drivers.am243x.r5f.ti-arm-clang.debug.lib : mcspi_v0.obj (.text.MCSPI_init)
                  70094a46    0000000a     --HOLE-- [fill = 0]
                  70094a50    00000096                                               : mcspi_v0.obj (.text.MCSPI_transferCallback)
                  70094ae6    0000000a     --HOLE-- [fill = 0]
                  70094af0    00000096                                               : sciclient.obj (.text.Sciclient_init)
                  70094b86    0000000a     --HOLE-- [fill = 0]
                  70094b90    00000096                                               : uart_v0_lld.obj (.text.UART_subConfigTCRTLRModeEn)
                  70094c26    0000000a     --HOLE-- [fill = 0]
                  70094c30    00000096                                               : uart_dma_udma.obj (.text.UART_udmaIsrRx)
                  70094cc6    0000000a     --HOLE-- [fill = 0]
                  70094cd0    00000096                                               : udma_flow.obj (.text.UdmaFlowPrms_init)
                  70094d66    0000000a     --HOLE-- [fill = 0]
                  70094d70    00000096                                               : udma_ring_common.obj (.text.Udma_ringDequeueRaw)
                  70094e06    00000002     --HOLE-- [fill = 0]
                  70094e08    00000094     libsysbm.a : hostopen.c.obj (.text.HOSTopen)
                  70094e9c    00000004     --HOLE-- [fill = 0]
                  70094ea0    00000094     drivers.am243x.r5f.ti-arm-clang.debug.lib : uart_dma_udma.obj (.text.UART_lld_dmaDisableChannel)
                  70094f34    0000000c     --HOLE-- [fill = 0]
                  70094f40    00000094     freertos.am243x.r5f.ti-arm-clang.debug.lib : tasks.obj (.text.vTaskStartScheduler)
                  70094fd4    0000000c     --HOLE-- [fill = 0]
                  70094fe0    00000092     drivers.am243x.r5f.ti-arm-clang.debug.lib : soc.obj (.text.SOC_moduleClockEnable)
                  70095072    0000000e     --HOLE-- [fill = 0]
                  70095080    00000092                                               : sciclient_pm.obj (.text.Sciclient_pmSetModuleState)
                  70095112    0000000e     --HOLE-- [fill = 0]
                  70095120    00000092                                               : sciclient_rm_irq.obj (.text.Sciclient_rmPsPop)
                  700951b2    0000000e     --HOLE-- [fill = 0]
                  700951c0    00000092     freertos.am243x.r5f.ti-arm-clang.debug.lib : DebugP_freertos.obj (.text._DebugP_logZone)
                  70095252    0000000e     --HOLE-- [fill = 0]
                  70095260    00000090     drivers.am243x.r5f.ti-arm-clang.debug.lib : mcspi_v0_lld.obj (.text.MCSPI_configInstance)
                  700952f0    00000090                                               : mcspi_v0_lld.obj (.text.MCSPI_fifoWrite)
                  70095380    00000090                                               : mcspi_v0_lld.obj (.text.MCSPI_lld_isBaseAddrValid)
                  70095410    0000008e                                               : mcspi_v0_lld.obj (.text.MCSPI_transferControllerIntr)
                  7009549e    00000002     --HOLE-- [fill = 0]
                  700954a0    0000008e                                               : sciclient_pm.obj (.text.Sciclient_pmModuleClkRequest)
                  7009552e    00000002     --HOLE-- [fill = 0]
                  70095530    0000008e                                               : udma_rm.obj (.text.Udma_rmFreeMappedRing)
                  700955be    00000002     --HOLE-- [fill = 0]
                  700955c0    0000008e     freertos.am243x.r5f.ti-arm-clang.debug.lib : tasks.obj (.text.prvInitialiseTaskLists)
                  7009564e    00000002     --HOLE-- [fill = 0]
                  70095650    0000008c     drivers.am243x.r5f.ti-arm-clang.debug.lib : sciclient_pm.obj (.text.Sciclient_pmGetModuleState)
                  700956dc    00000004     --HOLE-- [fill = 0]
                  700956e0    0000008c                                               : sciclient_rm_irq.obj (.text.Sciclient_rmIaEvtRomMapped)
                  7009576c    00000004     --HOLE-- [fill = 0]
                  70095770    0000008c                                               : uart_v0_lld.obj (.text.UART_writeCancelNoCB)
                  700957fc    0000008c     libsysbm.a : close.c.obj (.text.close)
                  70095888    00000008     --HOLE-- [fill = 0]
                  70095890    0000008c     main.o (.text.main)
                  7009591c    00000004     --HOLE-- [fill = 0]
                  70095920    0000008a     drivers.am243x.r5f.ti-arm-clang.debug.lib : udma_ring_common.obj (.text.Udma_ringFlushRaw)
                  700959aa    00000006     --HOLE-- [fill = 0]
                  700959b0    0000008a     freertos.am243x.r5f.ti-arm-clang.debug.lib : tasks.obj (.text.vTaskPlaceOnEventListRestricted)
                  70095a3a    00000006     --HOLE-- [fill = 0]
                  70095a40    00000088     drivers.am243x.r5f.ti-arm-clang.debug.lib : csl_bcdma.obj (.text.CSL_bcdmaGetCfg)
                  70095ac8    00000008     --HOLE-- [fill = 0]
                  70095ad0    00000088                                               : udma_rm.obj (.text.Udma_rmFreeVintrBit)
                  70095b58    00000088     libc.a : fflush.c.obj (.text.__TI_doflush)
                  70095be0    00000086     drivers.am243x.r5f.ti-arm-clang.debug.lib : soc.obj (.text.SOC_controlModuleLockMMR)
                  70095c66    0000000a     --HOLE-- [fill = 0]
                  70095c70    00000086                                               : uart_v0_lld.obj (.text.UART_lld_flushTxFifo)
                  70095cf6    0000000a     --HOLE-- [fill = 0]
                  70095d00    00000086                                               : uart_v0_lld.obj (.text.UART_tcrTlrBitValRestore)
                  70095d86    0000000a     --HOLE-- [fill = 0]
                  70095d90    00000086     freertos.am243x.r5f.ti-arm-clang.debug.lib : timers.obj (.text.prvInsertTimerInActiveList)
                  70095e16    0000000a     --HOLE-- [fill = 0]
                  70095e20    00000086                                                : timers.obj (.text.prvProcessTimerOrBlockTask)
                  70095ea6    00000002     --HOLE-- [fill = 0]
                  70095ea8    00000084     libsysbm.a : hostread.c.obj (.text.HOSTread)
                  70095f2c    00000084                : hostwrite.c.obj (.text.HOSTwrite)
                  70095fb0    00000084     drivers.am243x.r5f.ti-arm-clang.debug.lib : mcspi_v0_lld.obj (.text.MCSPI_lld_deInitDma)
                  70096034    0000000c     --HOLE-- [fill = 0]
                  70096040    00000082                                               : mcspi_dma_soc.obj (.text.CSL_udmapCppi5SetReturnPolicy)
                  700960c2    0000000e     --HOLE-- [fill = 0]
                  700960d0    00000082                                               : uart_dma_soc.obj (.text.CSL_udmapCppi5SetReturnPolicy)
                  70096152    0000000e     --HOLE-- [fill = 0]
                  70096160    00000082     freertos.am243x.r5f.ti-arm-clang.debug.lib : SemaphoreP_freertos.obj (.text.SemaphoreP_pend)
                  700961e2    0000000e     --HOLE-- [fill = 0]
                  700961f0    00000082     drivers.am243x.r5f.ti-arm-clang.debug.lib : udma_ch.obj (.text.Udma_chPair)
                  70096272    0000000e     --HOLE-- [fill = 0]
                  70096280    00000082                                               : udma_ch.obj (.text.Udma_chUnpair)
                  70096302    0000000e     --HOLE-- [fill = 0]
                  70096310    00000080                                               : uart_v0_lld.obj (.text.UART_moduleReset)
                  70096390    0000007e                                               : csl_bcdma.obj (.text.CSL_bcdmaChanOpIsChanEnabled)
                  7009640e    00000002     --HOLE-- [fill = 0]
                  70096410    0000007e                                               : csl_bcdma.obj (.text.CSL_bcdmaChanOpIsValidChanIdx)
                  7009648e    00000002     --HOLE-- [fill = 0]
                  70096490    0000007e                                               : csl_bcdma.obj (.text.CSL_bcdmaMapChanIdx)
                  7009650e    00000002     --HOLE-- [fill = 0]
                  70096510    0000007e                                               : mcspi_v0_lld.obj (.text.MCSPI_setChDataSize)
                  7009658e    00000002     --HOLE-- [fill = 0]
                  70096590    0000007e                                               : uart_v0_lld.obj (.text.UART_readData)
                  7009660e    00000002     --HOLE-- [fill = 0]
                  70096610    0000007c                                               : csl_pktdma.obj (.text.CSL_pktdmaGetCfg)
                  7009668c    00000004     --HOLE-- [fill = 0]
                  70096690    0000007c     freertos.am243x.r5f.ti-arm-clang.debug.lib : DebugP_log.obj (.text._DebugP_assert)
                  7009670c    00000004     --HOLE-- [fill = 0]
                  70096710    0000007c                                                : queue.obj (.text.vQueueUnregisterQueue)
                  7009678c    00000004     --HOLE-- [fill = 0]
                  70096790    0000007a     drivers.am243x.r5f.ti-arm-clang.debug.lib : uart_v0.obj (.text.UART_Params_init)
                  7009680a    00000006     --HOLE-- [fill = 0]
                  70096810    00000078     freertos.am243x.r5f.ti-arm-clang.debug.lib : queue.obj (.text.xQueueTakeMutexRecursive)
                  70096888    00000008     --HOLE-- [fill = 0]
                  70096890    00000076     drivers.am243x.r5f.ti-arm-clang.debug.lib : csl_bcdma.obj (.text.CSL_bcdmaChanOpClearError)
                  70096906    0000000a     --HOLE-- [fill = 0]
                  70096910    00000076                                               : csl_bcdma.obj (.text.CSL_bcdmaDoChanOp)
                  70096986    0000000a     --HOLE-- [fill = 0]
                  70096990    00000076                                               : udma_ch.obj (.text.Udma_chGetCqRingHandle)
                  70096a06    0000000a     --HOLE-- [fill = 0]
                  70096a10    00000076                                               : udma_ch.obj (.text.Udma_chGetFqRingHandle)
                  70096a86    0000000a     --HOLE-- [fill = 0]
                  70096a90    00000076     freertos.am243x.r5f.ti-arm-clang.debug.lib : queue.obj (.text.xQueueGiveMutexRecursive)
                  70096b06    0000000a     --HOLE-- [fill = 0]
                  70096b10    00000074                                                : ClockP_freertos.obj (.text.ClockP_usleep)
                  70096b84    0000000c     --HOLE-- [fill = 0]
                  70096b90    00000074     drivers.am243x.r5f.ti-arm-clang.debug.lib : udma_ch.obj (.text.Udma_chEnable)
                  70096c04    0000000c     --HOLE-- [fill = 0]
                  70096c10    00000072                                               : csl_bcdma.obj (.text.CSL_bcdmaChanOpTriggerChan)
                  70096c82    0000000e     --HOLE-- [fill = 0]
                  70096c90    00000072                                               : csl_lcdma_ringacc.obj (.text.CSL_lcdma_ringaccAckReverseRing)
                  70096d02    0000000e     --HOLE-- [fill = 0]
                  70096d10    00000070                                               : csl_intaggr.obj (.text.CSL_intaggrClrIntr)
                  70096d80    00000070                                               : sciclient_rm.obj (.text.Sciclient_rmGetResourceRange)
                  70096df0    00000070                                               : udma_rm.obj (.text.Udma_rmFreeMappedRxCh)
                  70096e60    00000070                                               : udma_rm.obj (.text.Udma_rmFreeMappedTxCh)
                  70096ed0    0000006e                                               : mcspi_v0.obj (.text.MCSPI_errorCallback)
                  70096f3e    00000002     --HOLE-- [fill = 0]
                  70096f40    0000006e                                               : sciclient_rm_irq.obj (.text.Sciclient_rmIaVintGetInfo)
                  70096fae    00000002     --HOLE-- [fill = 0]
                  70096fb0    0000006e     freertos.am243x.r5f.ti-arm-clang.debug.lib : SemaphoreP_freertos.obj (.text.SemaphoreP_constructMutex)
                  7009701e    00000002     --HOLE-- [fill = 0]
                  70097020    0000006e                                                : tasks.obj (.text.prvDeleteTCB)
                  7009708e    00000002     --HOLE-- [fill = 0]
                  70097090    0000006c     libsysbm.a : hostunlink.c.obj (.text.HOSTunlink)
                  700970fc    00000004     --HOLE-- [fill = 0]
                  70097100    0000006c     drivers.am243x.r5f.ti-arm-clang.debug.lib : udma_ch.obj (.text.UdmaChPrms_init)
                  7009716c    00000004     --HOLE-- [fill = 0]
                  70097170    0000006c     freertos.am243x.r5f.ti-arm-clang.debug.lib : tasks.obj (.text.vTaskDelay)
                  700971dc    00000004     --HOLE-- [fill = 0]
                  700971e0    0000006c                                                : tasks.obj (.text.vTaskEnterCritical)
                  7009724c    00000004     --HOLE-- [fill = 0]
                  70097250    0000006a     drivers.am243x.r5f.ti-arm-clang.debug.lib : mcspi_v0_lld.obj (.text.MCSPI_lld_chConfig)
                  700972ba    00000006     --HOLE-- [fill = 0]
                  700972c0    0000006a                                               : pinmux.obj (.text.Pinmux_lockMMR)
                  7009732a    00000006     --HOLE-- [fill = 0]
                  70097330    0000006a     freertos.am243x.r5f.ti-arm-clang.debug.lib : list.obj (.text.vListInsert)
                  7009739a    00000006     --HOLE-- [fill = 0]
                  700973a0    00000068     drivers.am243x.r5f.ti-arm-clang.debug.lib : sciclient_rm_irq.obj (.text.Sciclient_rmIrqCfgIsDirectEvent)
                  70097408    00000008     --HOLE-- [fill = 0]
                  70097410    00000068                                               : sciclient_rm_irq.obj (.text.Sciclient_rmIrqCfgIsDirectNonEvent)
                  70097478    00000008     --HOLE-- [fill = 0]
                  70097480    00000068                                               : sciclient_rm_irq.obj (.text.Sciclient_rmIrqCfgIsEventToVintMappingOnly)
                  700974e8    00000008     --HOLE-- [fill = 0]
                  700974f0    00000068                                               : sciclient_rm_irq.obj (.text.Sciclient_rmIrqCfgIsOesOnly)
                  70097558    00000008     --HOLE-- [fill = 0]
                  70097560    00000068                                               : sciclient_rm_irq.obj (.text.Sciclient_rmIrqCfgIsUnmappedVintDirectEvent)
                  700975c8    00000008     --HOLE-- [fill = 0]
                  700975d0    00000068                                               : uart_v0_lld.obj (.text.UART_divisorValCompute)
                  70097638    00000008     --HOLE-- [fill = 0]
                  70097640    00000068                                               : udma_ring_lcdma.obj (.text.Udma_ringPrimeReadLcdma)
                  700976a8    00000008     --HOLE-- [fill = 0]
                  700976b0    00000066                                               : csl_lcdma_ringacc.obj (.text.CSL_lcdma_ringaccCommitToForwardRing)
                  70097716    0000000a     --HOLE-- [fill = 0]
                  70097720    00000066                                               : mcspi_dma_udma.obj (.text.CSL_udmapCppi5SetIds)
                  70097786    0000000a     --HOLE-- [fill = 0]
                  70097790    00000066                                               : uart_dma_udma.obj (.text.CSL_udmapCppi5SetIds)
                  700977f6    0000000a     --HOLE-- [fill = 0]
                  70097800    00000064                                               : sciclient_rm_irq.obj (.text.Sciclient_rmIrGetInst)
                  70097864    0000000c     --HOLE-- [fill = 0]
                  70097870    00000064                                               : uart_v0_lld.obj (.text.UART_fifoRegisterWrite)
                  700978d4    0000000c     --HOLE-- [fill = 0]
                  700978e0    00000064                                               : uart_v0_lld.obj (.text.UART_lld_deInitDma)
                  70097944    0000000c     --HOLE-- [fill = 0]
                  70097950    00000064                                               : udma_rm.obj (.text.Udma_rmFreeEvent)
                  700979b4    0000000c     --HOLE-- [fill = 0]
                  700979c0    00000064                                               : udma_rm.obj (.text.Udma_rmFreeIrIntr)
                  70097a24    0000000c     --HOLE-- [fill = 0]
                  70097a30    00000064                                               : udma_rm.obj (.text.Udma_rmFreeVintr)
                  70097a94    0000000c     --HOLE-- [fill = 0]
                  70097aa0    00000064     freertos.am243x.r5f.ti-arm-clang.debug.lib : TaskP_freertos.obj (.text.vApplicationLoadHook)
                  70097b04    0000000c     --HOLE-- [fill = 0]
                  70097b10    00000064                                                : queue.obj (.text.vQueueWaitForMessageRestricted)
                  70097b74    0000000c     --HOLE-- [fill = 0]
                  70097b80    00000062                                                : SemaphoreP_freertos.obj (.text.SemaphoreP_post)
                  70097be2    0000000e     --HOLE-- [fill = 0]
                  70097bf0    00000062     drivers.am243x.r5f.ti-arm-clang.debug.lib : udma_event.obj (.text.UdmaEventPrms_init)
                  70097c52    0000000e     --HOLE-- [fill = 0]
                  70097c60    00000062                                               : udma_rm.obj (.text.Udma_rmFreeBlkCopyCh)
                  70097cc2    0000000e     --HOLE-- [fill = 0]
                  70097cd0    00000062                                               : udma_rm.obj (.text.Udma_rmFreeBlkCopyHcCh)
                  70097d32    0000000e     --HOLE-- [fill = 0]
                  70097d40    00000062                                               : udma_rm.obj (.text.Udma_rmFreeBlkCopyUhcCh)
                  70097da2    0000000e     --HOLE-- [fill = 0]
                  70097db0    00000062                                               : udma_rm.obj (.text.Udma_rmFreeRxCh)
                  70097e12    0000000e     --HOLE-- [fill = 0]
                  70097e20    00000062                                               : udma_rm.obj (.text.Udma_rmFreeRxHcCh)
                  70097e82    0000000e     --HOLE-- [fill = 0]
                  70097e90    00000062                                               : udma_rm.obj (.text.Udma_rmFreeRxUhcCh)
                  70097ef2    0000000e     --HOLE-- [fill = 0]
                  70097f00    00000062                                               : udma_rm.obj (.text.Udma_rmFreeTxCh)
                  70097f62    0000000e     --HOLE-- [fill = 0]
                  70097f70    00000062                                               : udma_rm.obj (.text.Udma_rmFreeTxHcCh)
                  70097fd2    0000000e     --HOLE-- [fill = 0]
                  70097fe0    00000062                                               : udma_rm.obj (.text.Udma_rmFreeTxUhcCh)
                  70098042    00000002     --HOLE-- [fill = 0]
                  70098044    00000060     libsysbm.a : hostclose.c.obj (.text.HOSTclose)
                  700980a4    0000000c     --HOLE-- [fill = 0]
                  700980b0    00000060     drivers.am243x.r5f.ti-arm-clang.debug.lib : uart_v0_lld.obj (.text.UART_getChar)
                  70098110    00000060                                               : uart_v0_lld.obj (.text.UART_writeData)
                  70098170    00000060                                               : udma_utils.obj (.text.Udma_phyToVirtFxn)
                  700981d0    00000060                                               : udma_utils.obj (.text.Udma_virtToPhyFxn)
                  70098230    0000005e                                               : sciclient_pm.obj (.text.Sciclient_pmSetModuleRst)
                  7009828e    00000002     --HOLE-- [fill = 0]
                  70098290    0000005c                                               : mcspi_v0_lld.obj (.text.MCSPI_fifoReadMultiWord)
                  700982ec    00000004     --HOLE-- [fill = 0]
                  700982f0    0000005c                                               : sciclient_rm_irq.obj (.text.Sciclient_rmIaGetInst)
                  7009834c    00000004     --HOLE-- [fill = 0]
                  70098350    0000005c                                               : sciclient_rm_irq.obj (.text.Sciclient_rmPsPush)
                  700983ac    00000004     --HOLE-- [fill = 0]
                  700983b0    0000005c                                               : uart_v0_lld.obj (.text.UART_lld_deInit)
                  7009840c    00000004     --HOLE-- [fill = 0]
                  70098410    0000005c                                               : uart_v0.obj (.text.UART_lld_writeCompleteCallback)
                  7009846c    00000004     --HOLE-- [fill = 0]
                  70098470    0000005c     freertos.am243x.r5f.ti-arm-clang.debug.lib : tasks.obj (.text.xTaskCreateStatic)
                  700984cc    00000004     --HOLE-- [fill = 0]
                  700984d0    0000005a     drivers.am243x.r5f.ti-arm-clang.debug.lib : sciclient_rm_irq.obj (.text.Sciclient_rmIaValidateGlobalEvt)
                  7009852a    00000006     --HOLE-- [fill = 0]
                  70098530    0000005a                                               : uart_v0.obj (.text.UART_lld_readCompleteCallback)
                  7009858a    00000006     --HOLE-- [fill = 0]
                  70098590    0000005a                                               : uart_v0_lld.obj (.text.UART_regConfigModeEnable)
                  700985ea    00000006     --HOLE-- [fill = 0]
                  700985f0    0000005a     freertos.am243x.r5f.ti-arm-clang.debug.lib : tasks.obj (.text.prvCheckTasksWaitingTermination)
                  7009864a    00000006     --HOLE-- [fill = 0]
                  70098650    00000058     drivers.am243x.r5f.ti-arm-clang.debug.lib : sciclient_rm.obj (.text.Sciclient_rmIrqSetRaw)
                  700986a8    00000008     --HOLE-- [fill = 0]
                  700986b0    00000058                                               : sciclient_rm_irq.obj (.text.Sciclient_rmIrqUnmappedVintRouteDelete)
                  70098708    00000008     --HOLE-- [fill = 0]
                  70098710    00000058                                               : sciclient_rm.obj (.text.Sciclient_rmRingCfg)
                  70098768    00000008     --HOLE-- [fill = 0]
                  70098770    00000058                                               : sciclient_rm.obj (.text.Sciclient_rmUdmapFlowCfg)
                  700987c8    00000008     --HOLE-- [fill = 0]
                  700987d0    00000058                                               : sciclient_rm.obj (.text.Sciclient_rmUdmapFlowSizeThreshCfg)
                  70098828    00000008     --HOLE-- [fill = 0]
                  70098830    00000058                                               : sciclient_rm.obj (.text.Sciclient_rmUdmapRxChCfg)
                  70098888    00000008     --HOLE-- [fill = 0]
                  70098890    00000058                                               : sciclient_rm.obj (.text.Sciclient_rmUdmapTxChCfg)
                  700988e8    00000058     libc.a : fopen.c.obj (.text.__TI_cleanup)
                  70098940    00000058     libsysbm.a : trgmsg.c.obj (.text.__TI_readmsg)
                  70098998    00000058                : trgmsg.c.obj (.text.__TI_writemsg)
                  700989f0    00000056     drivers.am243x.r5f.ti-arm-clang.debug.lib : csl_intaggr.obj (.text.CSL_intaggrGetCfg)
                  70098a46    0000000a     --HOLE-- [fill = 0]
                  70098a50    00000056                                               : sciclient_rm.obj (.text.Sciclient_rmIrqReleaseRaw)
                  70098aa6    0000000a     --HOLE-- [fill = 0]
                  70098ab0    00000056                                               : sciclient_rm.obj (.text.Sciclient_rmPsilPair)
                  70098b06    0000000a     --HOLE-- [fill = 0]
                  70098b10    00000056                                               : sciclient_rm.obj (.text.Sciclient_rmPsilUnpair)
                  70098b66    0000000a     --HOLE-- [fill = 0]
                  70098b70    00000056                                               : udma_ch.obj (.text.Udma_chSetPeerReg)
                  70098bc6    0000000a     --HOLE-- [fill = 0]
                  70098bd0    00000056                                               : udma_event.obj (.text.Udma_eventGetGlobalHandle)
                  70098c26    0000000a     --HOLE-- [fill = 0]
                  70098c30    00000054                                               : csl_pktdma.obj (.text.CSL_pktdmaIsValidChanIdx)
                  70098c84    0000000c     --HOLE-- [fill = 0]
                  70098c90    00000054                                               : sciclient_rm_irq.obj (.text.Sciclient_rmUnmappedVintRouteCreate)
                  70098ce4    0000000c     --HOLE-- [fill = 0]
                  70098cf0    00000054                                               : uart_v0_lld.obj (.text.UART_OperModeValid)
                  70098d44    0000000c     --HOLE-- [fill = 0]
                  70098d50    00000054                                               : udma_ring_common.obj (.text.UdmaRingPrms_init)
                  70098da4    00000054     libc.a : exit.c.obj (.text.exit)
                  70098df8    00000054            : getdevice.c.obj (.text.finddevice)
                  70098e4c    00000004     --HOLE-- [fill = 0]
                  70098e50    00000054     freertos.am243x.r5f.ti-arm-clang.debug.lib : timers.obj (.text.prvProcessExpiredTimer)
                  70098ea4    00000054     libc.a : autoinit.c.obj (.text:__TI_auto_init_nobinit_nopinit)
                  70098ef8    00000008     --HOLE-- [fill = 0]
                  70098f00    00000052     drivers.am243x.r5f.ti-arm-clang.debug.lib : mcspi_v0_lld.obj (.text.MCSPI_fifoRead16)
                  70098f52    0000000e     --HOLE-- [fill = 0]
                  70098f60    00000052                                               : mcspi_v0_lld.obj (.text.MCSPI_fifoRead32)
                  70098fb2    0000000e     --HOLE-- [fill = 0]
                  70098fc0    00000052                                               : mcspi_v0_lld.obj (.text.MCSPI_fifoRead8)
                  70099012    0000000e     --HOLE-- [fill = 0]
                  70099020    00000052                                               : mcspi_v0_lld.obj (.text.MCSPI_fifoWrite16)
                  70099072    0000000e     --HOLE-- [fill = 0]
                  70099080    00000052                                               : mcspi_v0_lld.obj (.text.MCSPI_fifoWrite32)
                  700990d2    0000000e     --HOLE-- [fill = 0]
                  700990e0    00000052                                               : mcspi_v0_lld.obj (.text.MCSPI_fifoWrite8)
                  70099132    0000000e     --HOLE-- [fill = 0]
                  70099140    00000052                                               : sciclient_soc_priv.obj (.text.Sciclient_getDevId)
                  70099192    0000000e     --HOLE-- [fill = 0]
                  700991a0    00000052                                               : udma_ch.obj (.text.Udma_chInitRegs)
                  700991f2    0000000e     --HOLE-- [fill = 0]
                  70099200    00000052                                               : udma_ring_lcdma.obj (.text.Udma_ringPrimeLcdma)
                  70099252    0000000e     --HOLE-- [fill = 0]
                  70099260    00000052     freertos.am243x.r5f.ti-arm-clang.debug.lib : timers.obj (.text.prvSwitchTimerLists)
                  700992b2    0000000e     --HOLE-- [fill = 0]
                  700992c0    00000050     ti_drivers_open_close.o (.text.Drivers_mcspiClose)
                  70099310    00000050     ti_drivers_open_close.o (.text.Drivers_uartClose)
                  70099360    00000050     drivers.am243x.r5f.ti-arm-clang.debug.lib : uart_v0_lld.obj (.text.UART_checkCharsAvailInFifo)
                  700993b0    00000050                                               : udma_rmcfg.obj (.text.Udma_rmGetSharedResPrms)
                  70099400    0000004e                                               : csl_pktdma.obj (.text.CSL_pktdmaIsChanEnabled)
                  7009944e    00000002     --HOLE-- [fill = 0]
                  70099450    0000004e                                               : mcspi_v0_lld.obj (.text.MCSPI_getFifoTrigLvl)
                  7009949e    00000002     --HOLE-- [fill = 0]
                  700994a0    0000004e     freertos.am243x.r5f.ti-arm-clang.debug.lib : TaskP_freertos.obj (.text.TaskP_loadUpdateAll)
                  700994ee    00000002     --HOLE-- [fill = 0]
                  700994f0    0000004e     drivers.am243x.r5f.ti-arm-clang.debug.lib : uart_v0.obj (.text.UART_getHandle)
                  7009953e    00000002     --HOLE-- [fill = 0]
                  70099540    0000004e     freertos.am243x.r5f.ti-arm-clang.debug.lib : queue.obj (.text.vQueueDelete)
                  7009958e    00000002     --HOLE-- [fill = 0]
                  70099590    0000004c     ti_power_clock_config.o (.text.Module_clockEnable)
                  700995dc    00000004     --HOLE-- [fill = 0]
                  700995e0    0000004c     drivers.am243x.r5f.ti-arm-clang.debug.lib : sciclient_rm_irq.obj (.text.Sciclient_rmPsSetInp)
                  7009962c    00000004     --HOLE-- [fill = 0]
                  70099630    0000004c                                               : sciclient_rm_irq.obj (.text.Sciclient_rmPsSetOutp)
                  7009967c    00000004     --HOLE-- [fill = 0]
                  70099680    0000004c                                               : udma_event.obj (.text.Udma_eventGetId)
                  700996cc    00000004     --HOLE-- [fill = 0]
                  700996d0    0000004c     freertos.am243x.r5f.ti-arm-clang.debug.lib : tasks.obj (.text.vTaskPlaceOnEventList)
                  7009971c    00000004     --HOLE-- [fill = 0]
                  70099720    0000004a     drivers.am243x.r5f.ti-arm-clang.debug.lib : csl_pktdma.obj (.text.CSL_pktdmaGetRxRT)
                  7009976a    00000006     --HOLE-- [fill = 0]
                  70099770    0000004a                                               : csl_pktdma.obj (.text.CSL_pktdmaGetTxRT)
                  700997ba    00000006     --HOLE-- [fill = 0]
                  700997c0    0000004a                                               : mcspi_v0_lld.obj (.text.MCSPI_fifoWriteMultiWord)
                  7009980a    00000006     --HOLE-- [fill = 0]
                  70099810    0000004a                                               : mcspi_v0_lld.obj (.text.MCSPI_transferPeripheralIntr)
                  7009985a    00000006     --HOLE-- [fill = 0]
                  70099860    0000004a                                               : uart_v0_lld.obj (.text.UART_getIntrIdentityStatus)
                  700998aa    00000006     --HOLE-- [fill = 0]
                  700998b0    0000004a                                               : uart_v0_lld.obj (.text.UART_lineCharConfig)
                  700998fa    00000006     --HOLE-- [fill = 0]
                  70099900    0000004a                                               : uart_dma_udma.obj (.text.UART_lld_dmaInit)
                  7009994a    00000006     --HOLE-- [fill = 0]
                  70099950    00000048                                               : mcspi_v0_lld.obj (.text.MCSPI_checkChConfig)
                  70099998    00000008     --HOLE-- [fill = 0]
                  700999a0    00000048                                               : uart_v0_lld.obj (.text.UART_resetModule)
                  700999e8    00000008     --HOLE-- [fill = 0]
                  700999f0    00000048     freertos.am243x.r5f.ti-arm-clang.debug.lib : queue.obj (.text.prvInitialiseNewQueue)
                  70099a38    00000048     libsysbm.a : unlink.c.obj (.text.unlink)
                  70099a80    00000048     freertos.am243x.r5f.ti-arm-clang.debug.lib : list.obj (.text.uxListRemove)
                  70099ac8    00000008     --HOLE-- [fill = 0]
                  70099ad0    00000046     drivers.am243x.r5f.ti-arm-clang.debug.lib : csl_bcdma.obj (.text.CSL_bcdmaTeardownRxChan)
                  70099b16    0000000a     --HOLE-- [fill = 0]
                  70099b20    00000046                                               : csl_bcdma.obj (.text.CSL_bcdmaTeardownTxChan)
                  70099b66    0000000a     --HOLE-- [fill = 0]
                  70099b70    00000046     freertos.am243x.r5f.ti-arm-clang.debug.lib : DebugP_uartLogWriter.obj (.text.DebugP_uartLogWriterPutChar)
                  70099bb6    0000000a     --HOLE-- [fill = 0]
                  70099bc0    00000046                                                : TaskP_freertos.obj (.text.TaskP_updateLoad)
                  70099c06    0000000a     --HOLE-- [fill = 0]
                  70099c10    00000046     drivers.am243x.r5f.ti-arm-clang.debug.lib : uart_v0_lld.obj (.text.UART_readLineStatus)
                  70099c56    0000000a     --HOLE-- [fill = 0]
[...]
7009ea16  PCIE0_pcie_cpts_hw1_push_2_2_to_TIMESYNC_EVENT_INTROUTER0_in_37_37            
7009ea1e  PCIE0_pcie_cpts_sync_3_3_to_TIMESYNC_EVENT_INTROUTER0_in_33_33                
7009ea26  PCIE0_pcie_ptm_valid_pulse_4_4_to_TIMESYNC_EVENT_INTROUTER0_in_38_38          
7009ea2e  PRU_ICSSG0_pr1_edc0_sync0_out_0_0_to_TIMESYNC_EVENT_INTROUTER0_in_25_25       
7009ea36  PRU_ICSSG0_pr1_edc0_sync1_out_1_1_to_TIMESYNC_EVENT_INTROUTER0_in_26_26       
7009ea3e  PRU_ICSSG0_pr1_edc1_sync0_out_2_2_to_TIMESYNC_EVENT_INTROUTER0_in_27_27       
7009ea46  PRU_ICSSG0_pr1_edc1_sync1_out_3_3_to_TIMESYNC_EVENT_INTROUTER0_in_28_28       
7009ea4e  PRU_ICSSG0_pr1_host_intr_req_4_11_to_CMP_EVENT_INTROUTER0_in_0_7              
7009ea56  PRU_ICSSG0_pr1_iep0_cmp_intr_req_12_27_to_CMP_EVENT_INTROUTER0_in_16_31       
7009ea5e  PRU_ICSSG0_pr1_iep1_cmp_intr_req_28_43_to_CMP_EVENT_INTROUTER0_in_32_47       
7009ea66  PRU_ICSSG1_pr1_edc0_sync0_out_0_0_to_TIMESYNC_EVENT_INTROUTER0_in_29_29       
7009ea6e  PRU_ICSSG1_pr1_edc0_sync1_out_1_1_to_TIMESYNC_EVENT_INTROUTER0_in_30_30       
7009ea76  PRU_ICSSG1_pr1_edc1_sync0_out_2_2_to_TIMESYNC_EVENT_INTROUTER0_in_31_31       
7009ea7e  PRU_ICSSG1_pr1_edc1_sync1_out_3_3_to_TIMESYNC_EVENT_INTROUTER0_in_32_32       
7009ea86  PRU_ICSSG1_pr1_host_intr_req_4_11_to_CMP_EVENT_INTROUTER0_in_8_15             
7009ea8e  PRU_ICSSG1_pr1_iep0_cmp_intr_req_12_27_to_CMP_EVENT_INTROUTER0_in_48_63       
7009ea96  PRU_ICSSG1_pr1_iep1_cmp_intr_req_28_43_to_CMP_EVENT_INTROUTER0_in_64_79       
7009ea9e  TIMER0_timer_pwm_0_0_to_TIMESYNC_EVENT_INTROUTER0_in_0_0                      
7009eaa6  TIMER1_timer_pwm_0_0_to_TIMESYNC_EVENT_INTROUTER0_in_1_1                      
7009eaae  TIMER2_timer_pwm_0_0_to_TIMESYNC_EVENT_INTROUTER0_in_2_2                      
7009eab6  TIMER3_timer_pwm_0_0_to_TIMESYNC_EVENT_INTROUTER0_in_3_3                      
7009eabe  TIMESYNC_EVENT_INTROUTER0_outl_0_7_to_DMASS0_INTAGGR_0_intaggr_levi_pend_8_15 
7009eac6  TIMESYNC_EVENT_INTROUTER0_outl_10_10_to_PRU_ICSSG0_pr1_edc1_latch0_in_2_2     
7009eace  TIMESYNC_EVENT_INTROUTER0_outl_11_11_to_PRU_ICSSG0_pr1_edc1_latch1_in_3_3     
7009ead6  TIMESYNC_EVENT_INTROUTER0_outl_12_12_to_PRU_ICSSG1_pr1_edc0_latch0_in_0_0     
7009eade  TIMESYNC_EVENT_INTROUTER0_outl_13_13_to_PRU_ICSSG1_pr1_edc0_latch1_in_1_1     
7009eae6  TIMESYNC_EVENT_INTROUTER0_outl_14_14_to_PRU_ICSSG1_pr1_edc1_latch0_in_2_2     
7009eaee  TIMESYNC_EVENT_INTROUTER0_outl_15_15_to_PRU_ICSSG1_pr1_edc1_latch1_in_3_3     
7009eaf6  TIMESYNC_EVENT_INTROUTER0_outl_16_16_to_CPTS0_cpts_hw1_push_0_0               
7009eafe  TIMESYNC_EVENT_INTROUTER0_outl_17_17_to_CPTS0_cpts_hw2_push_1_1               
7009eb06  TIMESYNC_EVENT_INTROUTER0_outl_18_18_to_CPTS0_cpts_hw3_push_2_2               
7009eb0e  TIMESYNC_EVENT_INTROUTER0_outl_19_19_to_CPTS0_cpts_hw4_push_3_3               
7009eb16  TIMESYNC_EVENT_INTROUTER0_outl_20_20_to_CPTS0_cpts_hw5_push_4_4               
7009eb1e  TIMESYNC_EVENT_INTROUTER0_outl_21_21_to_CPTS0_cpts_hw6_push_5_5               
7009eb26  TIMESYNC_EVENT_INTROUTER0_outl_22_22_to_CPTS0_cpts_hw7_push_6_6               
7009eb2e  TIMESYNC_EVENT_INTROUTER0_outl_23_23_to_CPTS0_cpts_hw8_push_7_7               
7009eb36  TIMESYNC_EVENT_INTROUTER0_outl_29_29_to_PCIE0_pcie_cpts_hw2_push_0_0          
7009eb3e  TIMESYNC_EVENT_INTROUTER0_outl_30_30_to_CPSW0_cpts_hw1_push_0_0               
7009eb46  TIMESYNC_EVENT_INTROUTER0_outl_31_31_to_CPSW0_cpts_hw2_push_1_1               
7009eb4e  TIMESYNC_EVENT_INTROUTER0_outl_32_32_to_CPSW0_cpts_hw3_push_2_2               
7009eb56  TIMESYNC_EVENT_INTROUTER0_outl_33_33_to_CPSW0_cpts_hw4_push_3_3               
7009eb5e  TIMESYNC_EVENT_INTROUTER0_outl_34_34_to_CPSW0_cpts_hw5_push_4_4               
7009eb66  TIMESYNC_EVENT_INTROUTER0_outl_35_35_to_CPSW0_cpts_hw6_push_5_5               
7009eb6e  TIMESYNC_EVENT_INTROUTER0_outl_36_36_to_CPSW0_cpts_hw7_push_6_6               
7009eb76  TIMESYNC_EVENT_INTROUTER0_outl_37_37_to_CPSW0_cpts_hw8_push_7_7               
7009eb7e  TIMESYNC_EVENT_INTROUTER0_outl_8_8_to_PRU_ICSSG0_pr1_edc0_latch0_in_0_0       
7009eb86  TIMESYNC_EVENT_INTROUTER0_outl_9_9_to_PRU_ICSSG0_pr1_edc0_latch1_in_1_1       
7009eb98  tisci_if_GPIO0                                                                
7009eba0  tisci_if_GPIO1                                                                
7009eba8  tisci_if_MCU_GPIO0                                                            
7009ec74  gCacheL1dCacheLineSize                                                        
7009ec78  gCacheL1pCacheLineSize                                                        
7009ec7c  gRmIrqTreeCount                                                               
7009ec88  tisci_if_EPWM0                                                                
7009ec8c  tisci_if_EPWM3                                                                
7009ec90  tisci_if_EPWM6                                                                
7009ec94  tisci_if_GPMC0                                                                
7009ec98  tisci_if_GTC0                                                                 
7009ec9c  tisci_if_TIMER0                                                               
7009eca0  tisci_if_TIMER1                                                               
7009eca4  tisci_if_TIMER2                                                               
7009eca8  tisci_if_TIMER3                                                               
7009ed00  __BSS_START                                                                   
7009ed00  gStorage                                                                      
700a6a00  gMainTaskStack                                                                
700aba00  gHwiCtrl                                                                      
700acfa8  _CIOBUF_                                                                      
700acfa8  __CIOBUF_                                                                     
700ad1c8  xQueueRegistry                                                                
700ad2c8  __TI_tmpnams                                                                  
700ad368  gTaskP_ctrl                                                                   
700ad5b8  gMainTaskObj                                                                  
700ad694  gRovDummyQueue                                                                
700ad6e8  gClockCtrl                                                                    
700ad770  parmbuf                                                                       
700ad780  gSlaveRxBuffer                                                                
700ad800  gSlaveTxBuffer                                                                
700ad838  gMainTask                                                                     
700ad83c  gMcspiHandle                                                                  
700ad840  gUartHandle                                                                   
700ad880  __BSS_END                                                                     
700ad880  _sys_memory                                                                   
700b5880  __stack                                                                       
700b9880  __STACK_END                                                                   
700b9881  HwiP_irq_handler_c                                                            
700b99c1  HwiP_fiq_handler                                                              
700b9b31  HwiP_reserved_handler                                                         
700b9b71  HwiP_user_undefined_handler_c                                                 
700b9bb1  HwiP_undefined_handler_c                                                      
700b9bf1  HwiP_user_prefetch_abort_handler_c                                            
700b9c51  HwiP_prefetch_abort_handler_c                                                 
700b9d21  HwiP_user_data_abort_handler_c                                                
700b9d91  HwiP_data_abort_handler_c                                                     
700b9e71  HwiP_enableInt                                                                
700b9eb1  HwiP_disableInt                                                               
700b9f11  HwiP_restoreInt                                                               
700b9f41  HwiP_clearInt                                                                 
700b9f81  HwiP_post                                                                     
700b9fc1  HwiP_Params_init                                                              
700b9ff1  HwiP_construct                                                                
700ba1f1  HwiP_destruct                                                                 
700ba261  HwiP_init                                                                     
700ba411  HwiP_inISR                                                                    
700ba440  vPortRestoreTaskContext                                                       
700ba478  HwiP_svc_handler                                                              
700ba4e8  HwiP_irq_handler                                                              
700ba62c  HwiP_data_abort_handler                                                       
700ba670  HwiP_prefetch_abort_handler                                                   
700ba6a0  HwiP_undefined_handler                                                        
700ba6e8  GET_DFSR                                                                      
700ba6f0  GET_ADFSR                                                                     
700ba6f8  GET_DFAR                                                                      
700ba700  GET_IFSR                                                                      
700ba708  GET_AIFSR                                                                     
700ba710  GET_IFAR                                                                      
700ba718  GET_SPSR                                                                      
700ba72c  HwiP_disable                                                                  
700ba73c  HwiP_disableFIQ                                                               
700ba74c  HwiP_enable                                                                   
700ba75c  HwiP_enableFIQ                                                                
700ba76c  HwiP_restore                                                                  
700ba774  HwiP_enableVIC                                                                
700ba784  HwiP_disableVIC                                                               
700ba794  HwiP_getCPSR                                                                  
700ba7a0  CacheP_disableL1d                                                             
700ba7c8  CacheP_disableL1p                                                             
700ba7e0  CacheP_enableL1d                                                              
700ba7f8  CacheP_enableL1p                                                              
700ba810  CacheP_invL1d                                                                 
700ba848  CacheP_invL1p                                                                 
700ba884  CacheP_invL1dAll                                                              
700ba88c  CacheP_invL1pAll                                                              
700ba894  CacheP_wb                                                                     
700ba8d0  CacheP_wbInv                                                                  
700ba90c  CacheP_wbAll                                                                  
700ba9b4  CacheP_wbInvAll                                                               
700ba9cc  CacheP_wbInvAllAsm                                                            
700baa6c  CacheP_getEnabled                                                             
700baaa4  CacheP_getCacheLevelInfo                                                      
700baab0  CacheP_configForceWrThru                                                      
700baad0  CacheP_setDLFO                                                                
700baae1  CacheP_init                                                                   
700bab71  CacheP_disable                                                                
700babc1  CacheP_enable                                                                 
700bac01  CacheP_inv                                                                    
700bac41  MpuP_RegionAttrs_init                                                         
700bac71  MpuP_setRegion                                                                
700bad61  MpuP_isEnable                                                                 
700bad71  MpuP_disable                                                                  
700badb1  MpuP_enable                                                                   
700bae01  MpuP_init                                                                     
700baea1  MpuP_isUserAuthorizedToAccessMemory                                           
700baf90  MpuP_disableAsm                                                               
700bafa8  MpuP_disableBRAsm                                                             
700bafb8  MpuP_enableAsm                                                                
700bafd0  MpuP_enableBRAsm                                                              
700bafe0  MpuP_isEnableAsm                                                              
700baff4  MpuP_setRegionAsm                                                             
700bb010  _c_int00_sbl                                                                  
700bb034  _c_int00                                                                      
700bb161  _DebugP_assertNoLog                                                           
700bb191  _system_pre_init                                                              
700bb1c1  __mpu_init                                                                    
700bb1d0  abort                                                                         
700bb1d8  gMcspiDmaHandle                                                               
700bb1d8  gUartDmaHandle                                                                
700bb1d8  gUdmaDrvObj                                                                   
700bbbc4  _ftable                                                                       
700bbcb4  vint_usage_count_DMASS0_INTAGGR_0                                             
700bbf40  _device                                                                       
700bbfb8  gRmIrInstances                                                                
700bc018  gUartParams                                                                   
700bc070  gUdmaRmSharedResPrms                                                          
700bc0c8  _stream                                                                       
700bc118  gConfigMcspi0ChCfg                                                            
700bc1b4  gRmIaInstances                                                                
700bc1d4  FreeRTOS_errno                                                                
700bc1d8  gSciclientSecProxyCfg                                                         
700bc1f8  gSocModulesClockFrequency                                                     
700bc218  gClockConfig                                                                  
700bc248  gMcspiOpenParams                                                              
700bc280  gAddrTranslateConfig                                                          
700bc28c  gSocModules                                                                   
700bc298  __TI_cleanup_ptr                                                              
700bc29c  __TI_dtors_ptr                                                                
700bc2a0  gMcspiConfig                                                                  
700bc2b8  gUartConfig                                                                   
700bc2d0  __TI_ft_end                                                                   
700bc2d4  _lock                                                                         
700bc2d8  _unlock                                                                       
700bc2dc  gConfigMcspiChCfg                                                             
700bc2e4  gDebugLogZone                                                                 
700bc2e8  gDebugP_uartDrvIndex                                                          
700bc2ec  gHwiConfig                                                                    
700bc2f0  gMcspiConfigNum                                                               
700bc2f4  gMcspiDmaChConfig                                                             
700bc2f8  gMcspiNumCh                                                                   
700bc2fc  gUartConfigNum                                                                
700bc300  gUartDmaChConfig                                                              
700bc308  pxCurrentTCB                                                                  
700bc30c  ulPortInterruptNesting                                                        
700bc310  ulPortSchedularRunning                                                        
700bc314  ulPortTaskHasFPUContext                                                       
700bc318  ulPortYieldRequired                                                           
700bc360  __IRQ_STACK_START                                                             
700bc460  __FIQ_STACK_START                                                             
700bc460  __IRQ_STACK_END                                                               
700bc560  __FIQ_STACK_END                                                               
700bc560  __SVC_STACK_START                                                             
700bd560  __ABORT_STACK_START                                                           
700bd560  __SVC_STACK_END                                                               
700bd660  __ABORT_STACK_END                                                             
700bd660  __UNDEFINED_STACK_START                                                       
700bd760  __UNDEFINED_STACK_END                                                         
ffffffff  __TI_pprof_out_hndl                                                           
ffffffff  __TI_prof_data_size                                                           
ffffffff  __TI_prof_data_start                                                          
ffffffff  __binit__                                                                     
ffffffff  binit                                                                         
UNDEFED   __TI_CINIT_Base                                                               
UNDEFED   __TI_CINIT_Limit                                                              
UNDEFED   __TI_Handler_Table_Base                                                       
UNDEFED   __TI_Handler_Table_Limit                                                      
UNDEFED   _system_post_cinit                                                            

[732 symbols]
